Archive member included to satisfy reference by file (symbol)

C:/devkitPro/libctru/lib\libctru.a(os.o)
                              main.o (osGetTime)
C:/devkitPro/libctru/lib\libctru.a(console.o)
                              main.o (consoleInit)
C:/devkitPro/libctru/lib\libctru.a(gfx.o)
                              C:/devkitPro/libctru/lib\libctru.a(console.o) (gfxIsWide)
C:/devkitPro/libctru/lib\libctru.a(gspgpu.o)
                              C:/devkitPro/libctru/lib\libctru.a(gfx.o) (gspInit)
C:/devkitPro/libctru/lib\libctru.a(apt.o)
                              main.o (aptMainLoop)
C:/devkitPro/libctru/lib\libctru.a(hid.o)
                              main.o (hidScanInput)
C:/devkitPro/libctru/lib\libctru.a(ptmsysm.o)
                              C:/devkitPro/libctru/lib\libctru.a(os.o) (ptmSysmInit)
C:/devkitPro/libctru/lib\libctru.a(ctru_init.o)
                              C:/devkitPro/libctru/lib\libctru.a(apt.o) (__system_retAddr)
C:/devkitPro/libctru/lib\libctru.a(initArgv.o)
                              C:/devkitPro/libctru/lib\libctru.a(ctru_init.o) (__system_initArgv)
C:/devkitPro/libctru/lib\libctru.a(svc.o)
                              C:/devkitPro/libctru/lib\libctru.a(apt.o) (svcSleepThread)
C:/devkitPro/libctru/lib\libctru.a(stack_adjust.o)
                              c:/devkitpro/devkitarm/bin/../lib/gcc/arm-none-eabi/12.1.0/../../../../arm-none-eabi/lib/armv6k/fpu/3dsx_crt0.o (initSystem)
C:/devkitPro/libctru/lib\libctru.a(default_font.bin.o)
                              C:/devkitPro/libctru/lib\libctru.a(console.o) (default_font_bin)
C:/devkitPro/libctru/lib\libctru.a(vram.o)
                              C:/devkitPro/libctru/lib\libctru.a(gfx.o) (vramAlloc)
C:/devkitPro/libctru/lib\libctru.a(linear.o)
                              C:/devkitPro/libctru/lib\libctru.a(gfx.o) (linearAlloc)
C:/devkitPro/libctru/lib\libctru.a(mem_pool.o)
                              C:/devkitPro/libctru/lib\libctru.a(vram.o) (MemPool::Allocate(MemChunk&, unsigned long, int))
C:/devkitPro/libctru/lib\libctru.a(synchronization.o)
                              C:/devkitPro/libctru/lib\libctru.a(ctru_init.o) (__sync_init)
C:/devkitPro/libctru/lib\libctru.a(3dslink.o)
                              C:/devkitPro/libctru/lib\libctru.a(initArgv.o) (__3dslink_host)
C:/devkitPro/libctru/lib\libctru.a(srv.o)
                              C:/devkitPro/libctru/lib\libctru.a(apt.o) (srvInit)
C:/devkitPro/libctru/lib\libctru.a(thread.o)
                              C:/devkitPro/libctru/lib\libctru.a(gspgpu.o) (threadCreate)
C:/devkitPro/libctru/lib\libctru.a(mappable.o)
                              C:/devkitPro/libctru/lib\libctru.a(gspgpu.o) (mappableAlloc)
C:/devkitPro/libctru/lib\libctru.a(irrst.o)
                              C:/devkitPro/libctru/lib\libctru.a(hid.o) (irrstInit)
C:/devkitPro/libctru/lib\libctru.a(srvpm.o)
                              C:/devkitPro/libctru/lib\libctru.a(srv.o) (srvPmGetSessionHandle)
C:/devkitPro/libctru/lib\libctru.a(soc_socket.o)
                              C:/devkitPro/libctru/lib\libctru.a(3dslink.o) (socket)
C:/devkitPro/libctru/lib\libctru.a(soc_connect.o)
                              C:/devkitPro/libctru/lib\libctru.a(3dslink.o) (connect)
C:/devkitPro/libctru/lib\libctru.a(soc_common.o)
                              C:/devkitPro/libctru/lib\libctru.a(soc_socket.o) (_net_convert_error)
C:/devkitPro/libctru/lib\libctru.a(rbtree_init.o)
                              C:/devkitPro/libctru/lib\libctru.a(vram.o) (rbtree_init)
C:/devkitPro/libctru/lib\libctru.a(rbtree_insert.o)
                              C:/devkitPro/libctru/lib\libctru.a(vram.o) (rbtree_insert)
C:/devkitPro/libctru/lib\libctru.a(rbtree_rotate.o)
                              C:/devkitPro/libctru/lib\libctru.a(rbtree_insert.o) (rbtree_rotate)
C:/devkitPro/libctru/lib\libctru.a(rbtree_remove.o)
                              C:/devkitPro/libctru/lib\libctru.a(vram.o) (rbtree_remove)
C:/devkitPro/libctru/lib\libctru.a(rbtree_find.o)
                              C:/devkitPro/libctru/lib\libctru.a(vram.o) (rbtree_find)
C:/devkitPro/libctru/lib\libctru.a(appInit.o)
                              C:/devkitPro/libctru/lib\libctru.a(stack_adjust.o) (__appInit)
C:/devkitPro/libctru/lib\libctru.a(syscalls.o)
                              C:/devkitPro/libctru/lib\libctru.a(thread.o) (initThreadVars)
C:/devkitPro/libctru/lib\libctru.a(allocateHeaps.o)
                              C:/devkitPro/libctru/lib\libctru.a(ctru_init.o) (__system_allocateHeaps)
C:/devkitPro/libctru/lib\libctru.a(appExit.o)
                              C:/devkitPro/libctru/lib\libctru.a(stack_adjust.o) (__appExit)
C:/devkitPro/libctru/lib\libctru.a(ctru_exit.o)
                              C:/devkitPro/libctru/lib\libctru.a(stack_adjust.o) (__libctru_exit)
C:/devkitPro/libctru/lib\libctru.a(env.o)
                              C:/devkitPro/libctru/lib\libctru.a(srv.o) (envGetHandle)
C:/devkitPro/libctru/lib\libctru.a(archive_dev.o)
[...]
Memory Configuration

Name             Origin             Length             Attributes
*default*        0x0000000000000000 0xffffffffffffffff

Linker script and memory map

                0x0000000000100000                PROVIDE (__start__ = 0x100000)
                0x0000000000100000                . = __start__

.text           0x0000000000100000    0x23298
 *(.crt0)
 .crt0          0x0000000000100000       0x94 c:/devkitpro/devkitarm/bin/../lib/gcc/arm-none-eabi/12.1.0/../../../../arm-none-eabi/lib/armv6k/fpu/3dsx_crt0.o
                0x0000000000100000                _start
                0x0000000000100008                __service_ptr
                0x000000000010000c                __apt_appid
                0x0000000000100010                __heap_size
                0x0000000000100014                __linear_heap_size
                0x0000000000100018                __system_arglist
                0x000000000010001c                __system_runflags
 *(.init)
 .init          0x0000000000100094        0xc c:/devkitpro/devkitarm/bin/../lib/gcc/arm-none-eabi/12.1.0/armv6k/fpu/crti.o
                0x0000000000100094                _init
 .init          0x00000000001000a0        0xc c:/devkitpro/devkitarm/bin/../lib/gcc/arm-none-eabi/12.1.0/armv6k/fpu/crtn.o
                0x00000000001000ac                . = ALIGN (0x4)
 *(.text)
 .text          0x00000000001000ac      0x2c4 main.o
                0x00000000001000ac                clrScreen
                0x00000000001000bc                setPixel
                0x00000000001000ec                drawRectangle
                0x000000000010015c                resetOptions
                0x00000000001001c8                resetGame
                0x0000000000100260                loadHighScore
                0x00000000001002c8                saveHighScore
                0x0000000000100320                touchControl
 .text          0x0000000000100370      0x240 c:/devkitpro/devkitarm/bin/../lib/gcc/arm-none-eabi/12.1.0/armv6k/fpu\libgcc.a(_divsi3.o)
                0x0000000000100370                __divsi3
                0x0000000000100370                __aeabi_idiv
                0x0000000000100590                __aeabi_idivmod
 .text          0x00000000001005b0        0x4 c:/devkitpro/devkitarm/bin/../lib/gcc/arm-none-eabi/12.1.0/armv6k/fpu\libgcc.a(_dvmd_tls.o)
                0x00000000001005b0                __aeabi_idiv0
                0x00000000001005b0                __aeabi_ldiv0
 .text          0x00000000001005b4       0xd4 c:/devkitpro/devkitarm/bin/../lib/gcc/arm-none-eabi/12.1.0/armv6k/fpu\libgcc.a(_aeabi_ldivmod.o)
                0x00000000001005b4                __aeabi_ldivmod
 .text          0x0000000000100688       0x3c c:/devkitpro/devkitarm/bin/../lib/gcc/arm-none-eabi/12.1.0/armv6k/fpu\libgcc.a(_aeabi_uldivmod.o)
                0x0000000000100688                __aeabi_uldivmod
 *fill*         0x00000000001006c4       0x1c 
 .text          0x00000000001006e0      0x390 c:/devkitpro/devkitarm/bin/../lib/gcc/arm-none-eabi/12.1.0/../../../../arm-none-eabi/lib/armv6k/fpu\libg.a(lib_a-strcmp.o)
                0x00000000001006e8                strcmp
 .text          0x0000000000100a70      0x20c c:/devkitpro/devkitarm/bin/../lib/gcc/arm-none-eabi/12.1.0/armv6k/fpu\libgcc.a(_udivsi3.o)
                0x0000000000100a70                __aeabi_uidiv
                0x0000000000100a70                __udivsi3
                0x0000000000100c5c                __aeabi_uidivmod
 .text          0x0000000000100c7c      0x3c0 c:/devkitpro/devkitarm/bin/../lib/gcc/arm-none-eabi/12.1.0/armv6k/fpu\libgcc.a(_arm_addsubdf3.o)
                0x0000000000100c7c                __aeabi_drsub
                0x0000000000100c84                __aeabi_dsub
                0x0000000000100c84                __subdf3
                0x0000000000100c88                __aeabi_dadd
                0x0000000000100c88                __adddf3
                0x0000000000100f34                __floatunsidf
                0x0000000000100f34                __aeabi_ui2d
                0x0000000000100f58                __floatsidf
                0x0000000000100f58                __aeabi_i2d
                0x0000000000100f80                __aeabi_f2d
                0x0000000000100f80                __extendsfdf2
                0x0000000000100fc8                __floatundidf
                0x0000000000100fc8                __aeabi_ul2d
                0x0000000000100fdc                __floatdidf
                0x0000000000100fdc                __aeabi_l2d
 *(.text.*)
 .text.__do_global_dtors_aux
                0x000000000010103c       0x40 c:/devkitpro/devkitarm/bin/../lib/gcc/arm-none-eabi/12.1.0/armv6k/fpu/crtbegin.o
 .text.frame_dummy
                0x000000000010107c       0x2c c:/devkitpro/devkitarm/bin/../lib/gcc/arm-none-eabi/12.1.0/armv6k/fpu/crtbegin.o
 .text.startup  0x00000000001010a8     0x106c main.o
                0x00000000001010a8                main
 .text.osGetTimeRef
                0x0000000000102114       0x54 C:/devkitPro/libctru/lib\libctru.a(os.o)
                0x0000000000102114                osGetTimeRef
 .text.osGetTime
                0x0000000000102168       0xec C:/devkitPro/libctru/lib\libctru.a(os.o)
                0x0000000000102168                osGetTime
 .text.__ctru_speedup_config
                0x0000000000102254       0x34 C:/devkitPro/libctru/lib\libctru.a(os.o)
                0x0000000000102254                __ctru_speedup_config
 .text.parseColor
                0x0000000000102288      0x1e8 C:/devkitPro/libctru/lib\libctru.a(console.o)
 .text.consoleDrawChar
                0x0000000000102470      0x1ac C:/devkitPro/libctru/lib\libctru.a(console.o)
                0x0000000000102470                consoleDrawChar
 .text.consolePrintChar
                0x000000000010261c      0x124 C:/devkitPro/libctru/lib\libctru.a(console.o)
                0x000000000010261c                consolePrintChar
 .text.con_write
                0x0000000000102740      0xb94 C:/devkitPro/libctru/lib\libctru.a(console.o)
                0x0000000000102740                con_write
 .text.newRow   0x00000000001032d4       0xfc C:/devkitPro/libctru/lib\libctru.a(console.o)
 .text.consoleInit
                0x00000000001033d0      0x168 C:/devkitPro/libctru/lib\libctru.a(console.o)
                0x00000000001033d0                consoleInit
 .text.gfxPresentFramebuffer
                0x0000000000103538       0xd0 C:/devkitPro/libctru/lib\libctru.a(gfx.o)
 .text.gfxIsWide
                0x0000000000103608       0x1c C:/devkitPro/libctru/lib\libctru.a(gfx.o)
                0x0000000000103608                gfxIsWide
 .text.gfxSetScreenFormat
                0x0000000000103624       0xec C:/devkitPro/libctru/lib\libctru.a(gfx.o)
                0x0000000000103624                gfxSetScreenFormat
 .text.gfxSetDoubleBuffering
                0x0000000000103710       0x10 C:/devkitPro/libctru/lib\libctru.a(gfx.o)
                0x0000000000103710                gfxSetDoubleBuffering
 .text.gfxInit  0x0000000000103720       0xe0 C:/devkitPro/libctru/lib\libctru.a(gfx.o)
                0x0000000000103720                gfxInit
 .text.gfxInitDefault
                0x0000000000103800       0x10 C:/devkitPro/libctru/lib\libctru.a(gfx.o)
                0x0000000000103800                gfxInitDefault
 .text.gfxExit  0x0000000000103810       0xb4 C:/devkitPro/libctru/lib\libctru.a(gfx.o)
                0x0000000000103810                gfxExit
 .text.gfxGetFramebuffer
                0x00000000001038c4       0xa0 C:/devkitPro/libctru/lib\libctru.a(gfx.o)
                0x00000000001038c4                gfxGetFramebuffer
 .text.gfxFlushBuffers
                0x0000000000103964      0x104 C:/devkitPro/libctru/lib\libctru.a(gfx.o)
                0x0000000000103964                gfxFlushBuffers
 .text.gfxSwapBuffers
                0x0000000000103a68       0x50 C:/devkitPro/libctru/lib\libctru.a(gfx.o)
                0x0000000000103a68                gfxSwapBuffers
 .text.gfxSwapBuffersGpu
                0x0000000000103ab8       0x50 C:/devkitPro/libctru/lib\libctru.a(gfx.o)
                0x0000000000103ab8                gfxSwapBuffersGpu
 .text.gspHardwareInit
                0x0000000000103b08      0xc58 C:/devkitPro/libctru/lib\libctru.a(gspgpu.o)
 .text.gspInit  0x0000000000104760      0x248 C:/devkitPro/libctru/lib\libctru.a(gspgpu.o)
                0x0000000000104760                gspInit
 .text.gspExit  0x00000000001049a8       0xf0 C:/devkitPro/libctru/lib\libctru.a(gspgpu.o)
                0x00000000001049a8                gspExit
 .text.gspHasGpuRight
                0x0000000000104a98       0x10 C:/devkitPro/libctru/lib\libctru.a(gspgpu.o)
                0x0000000000104a98                gspHasGpuRight
 .text.gspPresentBuffer
                0x0000000000104aa8       0xa0 C:/devkitPro/libctru/lib\libctru.a(gspgpu.o)
                0x0000000000104aa8                gspPresentBuffer
 .text.gspWaitForEvent
                0x0000000000104b48       0x44 C:/devkitPro/libctru/lib\libctru.a(gspgpu.o)
                0x0000000000104b48                gspWaitForEvent
 .text.gxCmdQueueInterrupt
                0x0000000000104b8c        0x4 C:/devkitPro/libctru/lib\libctru.a(gspgpu.o)
                0x0000000000104b8c                gxCmdQueueInterrupt
 .text.gspEventThreadMain
                0x0000000000104b90      0x158 C:/devkitPro/libctru/lib\libctru.a(gspgpu.o)
 .text.GSPGPU_FlushDataCache
                0x0000000000104ce8       0x50 C:/devkitPro/libctru/lib\libctru.a(gspgpu.o)
                0x0000000000104ce8                GSPGPU_FlushDataCache
 .text.GSPGPU_SetLcdForceBlack
                0x0000000000104d38       0x34 C:/devkitPro/libctru/lib\libctru.a(gspgpu.o)
                0x0000000000104d38                GSPGPU_SetLcdForceBlack
 .text.GSPGPU_AcquireRight
                0x0000000000104d6c       0x68 C:/devkitPro/libctru/lib\libctru.a(gspgpu.o)
                0x0000000000104d6c                GSPGPU_AcquireRight
 .text.GSPGPU_ReleaseRight
                0x0000000000104dd4       0x48 C:/devkitPro/libctru/lib\libctru.a(gspgpu.o)
                0x0000000000104dd4                GSPGPU_ReleaseRight
 .text.GSPGPU_ImportDisplayCaptureInfo
                0x0000000000104e1c       0x7c C:/devkitPro/libctru/lib\libctru.a(gspgpu.o)
                0x0000000000104e1c                GSPGPU_ImportDisplayCaptureInfo
 .text.GSPGPU_SaveVramSysArea
                0x0000000000104e98       0x2c C:/devkitPro/libctru/lib\libctru.a(gspgpu.o)
                0x0000000000104e98                GSPGPU_SaveVramSysArea
 .text.GSPGPU_RestoreVramSysArea
                0x0000000000104ec4       0x2c C:/devkitPro/libctru/lib\libctru.a(gspgpu.o)
                0x0000000000104ec4                GSPGPU_RestoreVramSysArea
 .text.aptConvertScreenForCapture
                0x0000000000104ef0      0x1a4 C:/devkitPro/libctru/lib\libctru.a(apt.o)
 .text.aptDspSleep
                0x0000000000105094        0x8 C:/devkitPro/libctru/lib\libctru.a(apt.o)
                0x0000000000105094                aptDspSleep
 .text.aptDspWakeup
                0x000000000010509c        0x4 C:/devkitPro/libctru/lib\libctru.a(apt.o)
                0x000000000010509c                aptDspWakeup
 .text.aptDspCancel
                0x00000000001050a0        0x4 C:/devkitPro/libctru/lib\libctru.a(apt.o)
                0x00000000001050a0                aptDspCancel
 .text.aptSendCommand
                0x00000000001050a4      0x158 C:/devkitPro/libctru/lib\libctru.a(apt.o)
                0x00000000001050a4                aptSendCommand
 *fill*         0x00000000001051fc        0x4 
 .text.aptExitProcess
                0x0000000000105200       0x44 C:/devkitPro/libctru/lib\libctru.a(apt.o)
 .text.aptExit  0x0000000000105244      0x2f4 C:/devkitPro/libctru/lib\libctru.a(apt.o)
                0x0000000000105244                aptExit
 .text.aptHandleSleep
                0x0000000000105538       0xe0 C:/devkitPro/libctru/lib\libctru.a(apt.o)
                0x0000000000105538                aptHandleSleep
 .text.APT_SleepIfShellClosed
                0x0000000000105618       0x84 C:/devkitPro/libctru/lib\libctru.a(apt.o)
                0x0000000000105618                APT_SleepIfShellClosed
 .text.aptSetSleepAllowed
                0x000000000010569c       0x84 C:/devkitPro/libctru/lib\libctru.a(apt.o)
                0x000000000010569c                aptSetSleepAllowed
 .text.APT_UnlockTransition
                0x0000000000105720       0x84 C:/devkitPro/libctru/lib\libctru.a(apt.o)
                0x0000000000105720                APT_UnlockTransition
 *fill*         0x00000000001057a4        0x4 
 .text.aptEventHandler
                0x00000000001057a8      0x4a4 C:/devkitPro/libctru/lib\libctru.a(apt.o)
 .text.APT_ReceiveParameter
                0x0000000000105c4c       0xb0 C:/devkitPro/libctru/lib\libctru.a(apt.o)
                0x0000000000105c4c                APT_ReceiveParameter
 .text.aptReceiveParameter.constprop.0
                0x0000000000105cfc       0xb0 C:/devkitPro/libctru/lib\libctru.a(apt.o)
 *fill*         0x0000000000105dac        0x4 
 .text.aptScreenTransfer
                0x0000000000105db0      0x2ac C:/devkitPro/libctru/lib\libctru.a(apt.o)
 .text.aptWaitForWakeUp.isra.0
                0x000000000010605c      0x344 C:/devkitPro/libctru/lib\libctru.a(apt.o)
 .text.aptJumpToHomeMenu
                0x00000000001063a0      0x100 C:/devkitPro/libctru/lib\libctru.a(apt.o)
                0x00000000001063a0                aptJumpToHomeMenu
 .text.aptMainLoop
                0x00000000001064a0       0x48 C:/devkitPro/libctru/lib\libctru.a(apt.o)
                0x00000000001064a0                aptMainLoop
 .text.aptInit  0x00000000001064e8      0x22c C:/devkitPro/libctru/lib\libctru.a(apt.o)
                0x00000000001064e8                aptInit
 .text.APT_CheckNew3DS
                0x0000000000106714       0x7c C:/devkitPro/libctru/lib\libctru.a(apt.o)
                0x0000000000106714                APT_CheckNew3DS
 .text.hidShouldUseIrrst
                0x0000000000106790       0x24 C:/devkitPro/libctru/lib\libctru.a(hid.o)
                0x0000000000106790                hidShouldUseIrrst
 .text.hidInit  0x00000000001067b4      0x18c C:/devkitPro/libctru/lib\libctru.a(hid.o)
                0x00000000001067b4                hidInit
 .text.hidExit  0x0000000000106940       0xe8 C:/devkitPro/libctru/lib\libctru.a(hid.o)
                0x0000000000106940                hidExit
 .text.hidScanInput
                0x0000000000106a28      0x2a4 C:/devkitPro/libctru/lib\libctru.a(hid.o)
                0x0000000000106a28                hidScanInput
 .text.hidKeysDown
                0x0000000000106ccc       0x10 C:/devkitPro/libctru/lib\libctru.a(hid.o)
                0x0000000000106ccc                hidKeysDown
 .text.hidTouchRead
                0x0000000000106cdc       0x18 C:/devkitPro/libctru/lib\libctru.a(hid.o)
                0x0000000000106cdc                hidTouchRead
 .text.ptmSysmInit
                0x0000000000106cf4       0x74 C:/devkitPro/libctru/lib\libctru.a(ptmsysm.o)
                0x0000000000106cf4                ptmSysmInit
 .text.ptmSysmExit
                0x0000000000106d68       0x3c C:/devkitPro/libctru/lib\libctru.a(ptmsysm.o)
                0x0000000000106d68                ptmSysmExit
 .text.PTMSYSM_ConfigureNew3DSCPU
                0x0000000000106da4       0x34 C:/devkitPro/libctru/lib\libctru.a(ptmsysm.o)
                0x0000000000106da4                PTMSYSM_ConfigureNew3DSCPU
 .text.__libctru_init
                0x0000000000106dd8       0x38 C:/devkitPro/libctru/lib\libctru.a(ctru_init.o)
                0x0000000000106dd8                __libctru_init
 .text.__system_initArgv
                0x0000000000106e10      0x170 C:/devkitPro/libctru/lib\libctru.a(initArgv.o)
                0x0000000000106e10                __system_initArgv
 .text.svcControlMemory
                0x0000000000106f80       0x20 C:/devkitPro/libctru/lib\libctru.a(svc.o)
                0x0000000000106f80                svcControlMemory
 .text.svcQueryMemory
                0x0000000000106fa0       0x30 C:/devkitPro/libctru/lib\libctru.a(svc.o)
                0x0000000000106fa0                svcQueryMemory
 .text.svcExitProcess
                0x0000000000106fd0        0x8 C:/devkitPro/libctru/lib\libctru.a(svc.o)
                0x0000000000106fd0                svcExitProcess
 .text.svcCreateThread
                0x0000000000106fd8       0x20 C:/devkitPro/libctru/lib\libctru.a(svc.o)
                0x0000000000106fd8                svcCreateThread
 .text.svcExitThread
                0x0000000000106ff8        0x8 C:/devkitPro/libctru/lib\libctru.a(svc.o)
                0x0000000000106ff8                svcExitThread
 .text.svcSleepThread
                0x0000000000107000        0x8 C:/devkitPro/libctru/lib\libctru.a(svc.o)
                0x0000000000107000                svcSleepThread
 .text.svcReleaseMutex
                0x0000000000107008        0x8 C:/devkitPro/libctru/lib\libctru.a(svc.o)
                0x0000000000107008                svcReleaseMutex
 .text.svcCreateEvent
                0x0000000000107010       0x14 C:/devkitPro/libctru/lib\libctru.a(svc.o)
                0x0000000000107010                svcCreateEvent
 .text.svcSignalEvent
                0x0000000000107024        0x8 C:/devkitPro/libctru/lib\libctru.a(svc.o)
                0x0000000000107024                svcSignalEvent
 .text.svcClearEvent
                0x000000000010702c        0x8 C:/devkitPro/libctru/lib\libctru.a(svc.o)
                0x000000000010702c                svcClearEvent
 .text.svcMapMemoryBlock
                0x0000000000107034        0x8 C:/devkitPro/libctru/lib\libctru.a(svc.o)
                0x0000000000107034                svcMapMemoryBlock
 .text.svcUnmapMemoryBlock
                0x000000000010703c        0x8 C:/devkitPro/libctru/lib\libctru.a(svc.o)
                0x000000000010703c                svcUnmapMemoryBlock
 .text.svcCreateAddressArbiter
                0x0000000000107044       0x14 C:/devkitPro/libctru/lib\libctru.a(svc.o)
                0x0000000000107044                svcCreateAddressArbiter
 .text.svcArbitrateAddressNoTimeout
                0x0000000000107058        0x8 C:/devkitPro/libctru/lib\libctru.a(svc.o)
                0x0000000000107058                svcArbitrateAddressNoTimeout
 .text.svcCloseHandle
                0x0000000000107060        0x8 C:/devkitPro/libctru/lib\libctru.a(svc.o)
                0x0000000000107060                svcCloseHandle
 .text.svcWaitSynchronization
                0x0000000000107068        0x8 C:/devkitPro/libctru/lib\libctru.a(svc.o)
                0x0000000000107068                svcWaitSynchronization
 .text.svcWaitSynchronizationN
                0x0000000000107070       0x28 C:/devkitPro/libctru/lib\libctru.a(svc.o)
                0x0000000000107070                svcWaitSynchronizationN
 .text.svcDuplicateHandle
                0x0000000000107098       0x14 C:/devkitPro/libctru/lib\libctru.a(svc.o)
                0x0000000000107098                svcDuplicateHandle
 .text.svcGetSystemTick
                0x00000000001070ac        0x8 C:/devkitPro/libctru/lib\libctru.a(svc.o)
                0x00000000001070ac                svcGetSystemTick
 .text.svcConnectToPort
                0x00000000001070b4       0x14 C:/devkitPro/libctru/lib\libctru.a(svc.o)
                0x00000000001070b4                svcConnectToPort
 .text.svcSendSyncRequest
                0x00000000001070c8        0x8 C:/devkitPro/libctru/lib\libctru.a(svc.o)
                0x00000000001070c8                svcSendSyncRequest
 .text.svcGetResourceLimit
                0x00000000001070d0       0x14 C:/devkitPro/libctru/lib\libctru.a(svc.o)
                0x00000000001070d0                svcGetResourceLimit
 .text.svcGetResourceLimitLimitValues
                0x00000000001070e4        0x8 C:/devkitPro/libctru/lib\libctru.a(svc.o)
                0x00000000001070e4                svcGetResourceLimitLimitValues
 .text.svcGetResourceLimitCurrentValues
                0x00000000001070ec        0x8 C:/devkitPro/libctru/lib\libctru.a(svc.o)
                0x00000000001070ec                svcGetResourceLimitCurrentValues
 .text.svcBreak
                0x00000000001070f4        0x8 C:/devkitPro/libctru/lib\libctru.a(svc.o)
                0x00000000001070f4                svcBreak
 .text.initSystem
                0x00000000001070fc       0x50 C:/devkitPro/libctru/lib\libctru.a(stack_adjust.o)
                0x00000000001070fc                initSystem
 .text.__ctru_exit
                0x000000000010714c       0x18 C:/devkitPro/libctru/lib\libctru.a(stack_adjust.o)
                0x000000000010714c                __ctru_exit
 .text._ZL21addrMapNodeComparatorPK11rbtree_nodeS1_
                0x0000000000107164       0x24 C:/devkitPro/libctru/lib\libctru.a(vram.o)
 .text._ZL21addrMapNodeDestructorP11rbtree_node
                0x0000000000107188        0x4 C:/devkitPro/libctru/lib\libctru.a(vram.o)
 .text.vramMemAlignAt
                0x000000000010718c      0x250 C:/devkitPro/libctru/lib\libctru.a(vram.o)
                0x000000000010718c                vramMemAlignAt
 .text.vramAlloc
                0x00000000001073dc        0xc C:/devkitPro/libctru/lib\libctru.a(vram.o)
                0x00000000001073dc                vramAlloc
 .text.vramFree
                0x00000000001073e8       0x90 C:/devkitPro/libctru/lib\libctru.a(vram.o)
                0x00000000001073e8                vramFree
 .text._ZL21addrMapNodeComparatorPK11rbtree_nodeS1_
                0x0000000000107478       0x24 C:/devkitPro/libctru/lib\libctru.a(linear.o)
 .text._ZL21addrMapNodeDestructorP11rbtree_node
                0x000000000010749c        0x4 C:/devkitPro/libctru/lib\libctru.a(linear.o)
 .text.linearMemAlign
                0x00000000001074a0      0x120 C:/devkitPro/libctru/lib\libctru.a(linear.o)
                0x00000000001074a0                linearMemAlign
 .text.linearAlloc
                0x00000000001075c0        0x8 C:/devkitPro/libctru/lib\libctru.a(linear.o)
                0x00000000001075c0                linearAlloc
 .text.linearFree
                0x00000000001075c8       0x5c C:/devkitPro/libctru/lib\libctru.a(linear.o)
                0x00000000001075c8                linearFree
 .text._ZN7MemPool13CoalesceRightEP8MemBlock
                0x0000000000107624       0x80 C:/devkitPro/libctru/lib\libctru.a(mem_pool.o)
                0x0000000000107624                MemPool::CoalesceRight(MemBlock*)
 .text._ZN7MemPool8AllocateER8MemChunkmi
                0x00000000001076a4      0x16c C:/devkitPro/libctru/lib\libctru.a(mem_pool.o)
                0x00000000001076a4                MemPool::Allocate(MemChunk&, unsigned long, int)
 .text._ZN7MemPool10DeallocateERK8MemChunk
                0x0000000000107810       0xfc C:/devkitPro/libctru/lib\libctru.a(mem_pool.o)
                0x0000000000107810                MemPool::Deallocate(MemChunk const&)
 .text._ZN7MemPool12GetFreeSpaceEv
                0x000000000010790c       0x30 C:/devkitPro/libctru/lib\libctru.a(mem_pool.o)
                0x000000000010790c                MemPool::GetFreeSpace()
 .text.__sync_init
                0x000000000010793c        0xc C:/devkitPro/libctru/lib\libctru.a(synchronization.o)
                0x000000000010793c                __sync_init
 .text.__sync_fini
                0x0000000000107948       0x18 C:/devkitPro/libctru/lib\libctru.a(synchronization.o)
                0x0000000000107948                __sync_fini
 .text.syncArbitrateAddress
                0x0000000000107960       0x2c C:/devkitPro/libctru/lib\libctru.a(synchronization.o)
                0x0000000000107960                syncArbitrateAddress
 .text.LightLock_Lock
                0x000000000010798c       0xb0 C:/devkitPro/libctru/lib\libctru.a(synchronization.o)
                0x000000000010798c                LightLock_Lock
 .text.LightLock_Unlock
                0x0000000000107a3c       0x40 C:/devkitPro/libctru/lib\libctru.a(synchronization.o)
                0x0000000000107a3c                LightLock_Unlock
 .text.RecursiveLock_Init
                0x0000000000107a7c       0x24 C:/devkitPro/libctru/lib\libctru.a(synchronization.o)
                0x0000000000107a7c                RecursiveLock_Init
 .text.RecursiveLock_Lock
                0x0000000000107aa0       0x30 C:/devkitPro/libctru/lib\libctru.a(synchronization.o)
                0x0000000000107aa0                RecursiveLock_Lock
 .text.RecursiveLock_Unlock
                0x0000000000107ad0       0x54 C:/devkitPro/libctru/lib\libctru.a(synchronization.o)
                0x0000000000107ad0                RecursiveLock_Unlock
 .text.LightEvent_Init
                0x0000000000107b24       0x40 C:/devkitPro/libctru/lib\libctru.a(synchronization.o)
                0x0000000000107b24                LightEvent_Init
 .text.LightEvent_Clear
                0x0000000000107b64       0xa4 C:/devkitPro/libctru/lib\libctru.a(synchronization.o)
                0x0000000000107b64                LightEvent_Clear
 .text.LightEvent_Signal
                0x0000000000107c08       0xc8 C:/devkitPro/libctru/lib\libctru.a(synchronization.o)
                0x0000000000107c08                LightEvent_Signal
 .text.LightEvent_TryWait
                0x0000000000107cd0       0x50 C:/devkitPro/libctru/lib\libctru.a(synchronization.o)
                0x0000000000107cd0                LightEvent_TryWait
 .text.LightEvent_Wait
                0x0000000000107d20       0xb0 C:/devkitPro/libctru/lib\libctru.a(synchronization.o)
                0x0000000000107d20                LightEvent_Wait
 .text.srvInit  0x0000000000107dd0      0x130 C:/devkitPro/libctru/lib\libctru.a(srv.o)
                0x0000000000107dd0                srvInit
 .text.srvExit  0x0000000000107f00       0x58 C:/devkitPro/libctru/lib\libctru.a(srv.o)
                0x0000000000107f00                srvExit
 .text.srvGetServiceHandleDirect
                0x0000000000107f58       0xa0 C:/devkitPro/libctru/lib\libctru.a(srv.o)
                0x0000000000107f58                srvGetServiceHandleDirect
 .text.srvGetServiceHandle
                0x0000000000107ff8       0x38 C:/devkitPro/libctru/lib\libctru.a(srv.o)
                0x0000000000107ff8                srvGetServiceHandle
 .text.srvPublishToSubscriber
                0x0000000000108030       0x38 C:/devkitPro/libctru/lib\libctru.a(srv.o)
                0x0000000000108030                srvPublishToSubscriber
 .text.threadCreate
                0x0000000000108068      0x178 C:/devkitPro/libctru/lib\libctru.a(thread.o)
                0x0000000000108068                threadCreate
 .text.threadFree
                0x00000000001081e0       0x2c C:/devkitPro/libctru/lib\libctru.a(thread.o)
                0x00000000001081e0                threadFree
 .text.threadJoin
                0x000000000010820c       0x24 C:/devkitPro/libctru/lib\libctru.a(thread.o)
                0x000000000010820c                threadJoin
 .text.threadGetCurrent
                0x0000000000108230       0x30 C:/devkitPro/libctru/lib\libctru.a(thread.o)
                0x0000000000108230                threadGetCurrent
 .text.threadExit
                0x0000000000108260       0x40 C:/devkitPro/libctru/lib\libctru.a(thread.o)
                0x0000000000108260                threadExit
 .text._thread_begin
                0x00000000001082a0       0x20 C:/devkitPro/libctru/lib\libctru.a(thread.o)
 .text.mappableFindAddressWithin
                0x00000000001082c0       0xb4 C:/devkitPro/libctru/lib\libctru.a(mappable.o)
 .text.mappableInit
                0x0000000000108374       0x28 C:/devkitPro/libctru/lib\libctru.a(mappable.o)
                0x0000000000108374                mappableInit
 .text.mappableAlloc
                0x000000000010839c       0x80 C:/devkitPro/libctru/lib\libctru.a(mappable.o)
                0x000000000010839c                mappableAlloc
 .text.mappableFree
                0x000000000010841c        0x4 C:/devkitPro/libctru/lib\libctru.a(mappable.o)
                0x000000000010841c                mappableFree
 .text.irrstInit
                0x0000000000108420      0x164 C:/devkitPro/libctru/lib\libctru.a(irrst.o)
                0x0000000000108420                irrstInit
 .text.irrstExit
                0x0000000000108584       0xcc C:/devkitPro/libctru/lib\libctru.a(irrst.o)
                0x0000000000108584                irrstExit
 .text.irrstScanInput
                0x0000000000108650       0xb4 C:/devkitPro/libctru/lib\libctru.a(irrst.o)
                0x0000000000108650                irrstScanInput
 .text.irrstKeysHeld
                0x0000000000108704       0x24 C:/devkitPro/libctru/lib\libctru.a(irrst.o)
                0x0000000000108704                irrstKeysHeld
 .text.srvPmGetSessionHandle
                0x0000000000108728        0xc C:/devkitPro/libctru/lib\libctru.a(srvpm.o)
                0x0000000000108728                srvPmGetSessionHandle
 .text.rbtree_init
                0x0000000000108734       0x10 C:/devkitPro/libctru/lib\libctru.a(rbtree_init.o)
                0x0000000000108734                rbtree_init
 .text.do_insert
                0x0000000000108744      0x1b4 C:/devkitPro/libctru/lib\libctru.a(rbtree_insert.o)
 .text.rbtree_insert
                0x00000000001088f8        0x8 C:/devkitPro/libctru/lib\libctru.a(rbtree_insert.o)
                0x00000000001088f8                rbtree_insert
 .text.rbtree_rotate
                0x0000000000108900       0x90 C:/devkitPro/libctru/lib\libctru.a(rbtree_rotate.o)
                0x0000000000108900                rbtree_rotate
 .text.rbtree_remove
                0x0000000000108990      0x318 C:/devkitPro/libctru/lib\libctru.a(rbtree_remove.o)
                0x0000000000108990                rbtree_remove
 .text.rbtree_find
                0x0000000000108ca8       0x74 C:/devkitPro/libctru/lib\libctru.a(rbtree_find.o)
                0x0000000000108ca8                rbtree_find
 .text.__appInit
                0x0000000000108d1c       0x30 C:/devkitPro/libctru/lib\libctru.a(appInit.o)
                0x0000000000108d1c                __appInit
 .text.__syscall_getreent
                0x0000000000108d4c       0x30 C:/devkitPro/libctru/lib\libctru.a(syscalls.o)
                0x0000000000108d4c                __syscall_getreent
 .text.__syscall_lock_acquire
                0x0000000000108d7c        0x4 C:/devkitPro/libctru/lib\libctru.a(syscalls.o)
                0x0000000000108d7c                __syscall_lock_acquire
 .text.__syscall_lock_release
                0x0000000000108d80        0x4 C:/devkitPro/libctru/lib\libctru.a(syscalls.o)
                0x0000000000108d80                __syscall_lock_release
 .text.__syscall_lock_init_recursive
                0x0000000000108d84        0x4 C:/devkitPro/libctru/lib\libctru.a(syscalls.o)
                0x0000000000108d84                __syscall_lock_init_recursive
 .text.__syscall_lock_acquire_recursive
                0x0000000000108d88        0x4 C:/devkitPro/libctru/lib\libctru.a(syscalls.o)
                0x0000000000108d88                __syscall_lock_acquire_recursive
 .text.__syscall_lock_release_recursive
                0x0000000000108d8c        0x4 C:/devkitPro/libctru/lib\libctru.a(syscalls.o)
                0x0000000000108d8c                __syscall_lock_release_recursive
 .text.__syscall_exit
                0x0000000000108d90        0x4 C:/devkitPro/libctru/lib\libctru.a(syscalls.o)
                0x0000000000108d90                __syscall_exit
 .text.initThreadVars
                0x0000000000108d94       0x50 C:/devkitPro/libctru/lib\libctru.a(syscalls.o)
                0x0000000000108d94                initThreadVars
 .text.__system_initSyscalls
                0x0000000000108de4       0x68 C:/devkitPro/libctru/lib\libctru.a(syscalls.o)
                0x0000000000108de4                __system_initSyscalls
 *fill*         0x0000000000108e4c        0x4 
 .text.__system_allocateHeaps
                0x0000000000108e50      0x1e0 C:/devkitPro/libctru/lib\libctru.a(allocateHeaps.o)
                0x0000000000108e50                __system_allocateHeaps
 .text.__appExit
                0x0000000000109030       0x30 C:/devkitPro/libctru/lib\libctru.a(appExit.o)
                0x0000000000109030                __appExit
 .text.__libctru_exit
                0x0000000000109060       0x90 C:/devkitPro/libctru/lib\libctru.a(ctru_exit.o)
                0x0000000000109060                __libctru_exit
 .text.envGetHandle
                0x00000000001090f0       0x84 C:/devkitPro/libctru/lib\libctru.a(env.o)
                0x00000000001090f0                envGetHandle
 .text.envDestroyHandles
                0x0000000000109174       0x50 C:/devkitPro/libctru/lib\libctru.a(env.o)
                0x0000000000109174                envDestroyHandles
 .text.archive_link
                0x00000000001091c4       0x14 C:/devkitPro/libctru/lib\libctru.a(archive_dev.o)
 .text.archive_dirreset
                0x00000000001091d8       0x14 C:/devkitPro/libctru/lib\libctru.a(archive_dev.o)
 .text.archive_chmod
                0x00000000001091ec       0x14 C:/devkitPro/libctru/lib\libctru.a(archive_dev.o)
 .text.error_cmp
                0x0000000000109200       0x24 C:/devkitPro/libctru/lib\libctru.a(archive_dev.o)
 .text.archive_translate_error
                0x0000000000109224       0x50 C:/devkitPro/libctru/lib\libctru.a(archive_dev.o)
 .text.archive_seek
                0x0000000000109274       0xc8 C:/devkitPro/libctru/lib\libctru.a(archive_dev.o)
 .text._archiveInit.part.0
                0x000000000010933c       0x7c C:/devkitPro/libctru/lib\libctru.a(archive_dev.o)
 .text.archiveFindDevice.part.0
                0x00000000001093b8       0xc4 C:/devkitPro/libctru/lib\libctru.a(archive_dev.o)
 .text.archive_utf16path
                0x000000000010947c      0x25c C:/devkitPro/libctru/lib\libctru.a(archive_dev.o)
 .text._archiveUnmountDeviceStruct.part.0
                0x00000000001096d8       0xa0 C:/devkitPro/libctru/lib\libctru.a(archive_dev.o)
 .text.archive_fchmod
                0x0000000000109778       0x14 C:/devkitPro/libctru/lib\libctru.a(archive_dev.o)
 .text.archive_statvfs
                0x000000000010978c       0x14 C:/devkitPro/libctru/lib\libctru.a(archive_dev.o)
 .text._archiveMountDevice
                0x00000000001097a0      0x164 C:/devkitPro/libctru/lib\libctru.a(archive_dev.o)
 .text.archive_diropen
                0x0000000000109904       0xe8 C:/devkitPro/libctru/lib\libctru.a(archive_dev.o)
 .text.archive_fstat
                0x00000000001099ec       0xa4 C:/devkitPro/libctru/lib\libctru.a(archive_dev.o)
 .text.archive_close
                0x0000000000109a90       0x6c C:/devkitPro/libctru/lib\libctru.a(archive_dev.o)
 .text.archive_fsync
                0x0000000000109afc       0x6c C:/devkitPro/libctru/lib\libctru.a(archive_dev.o)
 .text.archive_dirclose
                0x0000000000109b68       0x70 C:/devkitPro/libctru/lib\libctru.a(archive_dev.o)
 .text.sdmc_statvfs
                0x0000000000109bd8       0xe8 C:/devkitPro/libctru/lib\libctru.a(archive_dev.o)
 .text.archive_chdir
                0x0000000000109cc0       0xec C:/devkitPro/libctru/lib\libctru.a(archive_dev.o)
 .text.archive_ftruncate
                0x0000000000109dac       0x7c C:/devkitPro/libctru/lib\libctru.a(archive_dev.o)
 .text.archive_read
                0x0000000000109e28       0xac C:/devkitPro/libctru/lib\libctru.a(archive_dev.o)
 .text.archive_unlink
                0x0000000000109ed4       0xa4 C:/devkitPro/libctru/lib\libctru.a(archive_dev.o)
 .text.archive_rmdir
                0x0000000000109f78       0xbc C:/devkitPro/libctru/lib\libctru.a(archive_dev.o)
 .text.archive_mkdir
                0x000000000010a034       0xdc C:/devkitPro/libctru/lib\libctru.a(archive_dev.o)
 .text.archive_stat
                0x000000000010a110      0x19c C:/devkitPro/libctru/lib\libctru.a(archive_dev.o)
 .text.archive_dirnext
                0x000000000010a2ac      0x15c C:/devkitPro/libctru/lib\libctru.a(archive_dev.o)
 .text.archive_write
                0x000000000010a408       0xec C:/devkitPro/libctru/lib\libctru.a(archive_dev.o)
 .text.archive_open
                0x000000000010a4f4      0x1d4 C:/devkitPro/libctru/lib\libctru.a(archive_dev.o)
 .text.archive_rename
                0x000000000010a6c8      0x278 C:/devkitPro/libctru/lib\libctru.a(archive_dev.o)
 .text.archiveMountSdmc
                0x000000000010a940      0x19c C:/devkitPro/libctru/lib\libctru.a(archive_dev.o)
                0x000000000010a940                archiveMountSdmc
 .text.archiveUnmountAll
                0x000000000010aadc       0x54 C:/devkitPro/libctru/lib\libctru.a(archive_dev.o)
                0x000000000010aadc                archiveUnmountAll
 .text.fsInit   0x000000000010ab30       0xcc C:/devkitPro/libctru/lib\libctru.a(fs.o)
                0x000000000010ab30                fsInit
 .text.fsExit   0x000000000010abfc       0x3c C:/devkitPro/libctru/lib\libctru.a(fs.o)
                0x000000000010abfc                fsExit
 .text.fsExemptFromSession
                0x000000000010ac38       0x60 C:/devkitPro/libctru/lib\libctru.a(fs.o)
                0x000000000010ac38                fsExemptFromSession
 .text.fsUnexemptFromSession
                0x000000000010ac98       0x50 C:/devkitPro/libctru/lib\libctru.a(fs.o)
                0x000000000010ac98                fsUnexemptFromSession
 .text.FSUSER_OpenFile
                0x000000000010ace8       0xcc C:/devkitPro/libctru/lib\libctru.a(fs.o)
                0x000000000010ace8                FSUSER_OpenFile
 .text.FSUSER_DeleteFile
                0x000000000010adb4       0xbc C:/devkitPro/libctru/lib\libctru.a(fs.o)
                0x000000000010adb4                FSUSER_DeleteFile
 .text.FSUSER_RenameFile
                0x000000000010ae70       0xf8 C:/devkitPro/libctru/lib\libctru.a(fs.o)
                0x000000000010ae70                FSUSER_RenameFile
 .text.FSUSER_DeleteDirectory
                0x000000000010af68       0xbc C:/devkitPro/libctru/lib\libctru.a(fs.o)
                0x000000000010af68                FSUSER_DeleteDirectory
 .text.FSUSER_CreateFile
                0x000000000010b024       0xd4 C:/devkitPro/libctru/lib\libctru.a(fs.o)
                0x000000000010b024                FSUSER_CreateFile
 .text.FSUSER_CreateDirectory
                0x000000000010b0f8       0xc4 C:/devkitPro/libctru/lib\libctru.a(fs.o)
                0x000000000010b0f8                FSUSER_CreateDirectory
 .text.FSUSER_RenameDirectory
                0x000000000010b1bc       0xf8 C:/devkitPro/libctru/lib\libctru.a(fs.o)
                0x000000000010b1bc                FSUSER_RenameDirectory
 .text.FSUSER_OpenDirectory
                0x000000000010b2b4       0xb4 C:/devkitPro/libctru/lib\libctru.a(fs.o)
                0x000000000010b2b4                FSUSER_OpenDirectory
 .text.FSUSER_OpenArchive
                0x000000000010b368       0x98 C:/devkitPro/libctru/lib\libctru.a(fs.o)
                0x000000000010b368                FSUSER_OpenArchive
 .text.FSUSER_CloseArchive
                0x000000000010b400       0x8c C:/devkitPro/libctru/lib\libctru.a(fs.o)
                0x000000000010b400                FSUSER_CloseArchive
 .text.FSUSER_GetSdmcArchiveResource
                0x000000000010b48c       0x74 C:/devkitPro/libctru/lib\libctru.a(fs.o)
                0x000000000010b48c                FSUSER_GetSdmcArchiveResource
 .text.FSUSER_IsSdmcWritable
                0x000000000010b500       0x64 C:/devkitPro/libctru/lib\libctru.a(fs.o)
                0x000000000010b500                FSUSER_IsSdmcWritable
 .text.FSFILE_Read
                0x000000000010b564       0x58 C:/devkitPro/libctru/lib\libctru.a(fs.o)
                0x000000000010b564                FSFILE_Read
 .text.FSFILE_Write
                0x000000000010b5bc       0x60 C:/devkitPro/libctru/lib\libctru.a(fs.o)
                0x000000000010b5bc                FSFILE_Write
 .text.FSFILE_GetSize
                0x000000000010b61c       0x3c C:/devkitPro/libctru/lib\libctru.a(fs.o)
                0x000000000010b61c                FSFILE_GetSize
 .text.FSFILE_SetSize
                0x000000000010b658       0x28 C:/devkitPro/libctru/lib\libctru.a(fs.o)
                0x000000000010b658                FSFILE_SetSize
 .text.FSFILE_Close
                0x000000000010b680       0x3c C:/devkitPro/libctru/lib\libctru.a(fs.o)
                0x000000000010b680                FSFILE_Close
 .text.FSFILE_Flush
                0x000000000010b6bc       0x24 C:/devkitPro/libctru/lib\libctru.a(fs.o)
                0x000000000010b6bc                FSFILE_Flush
 .text.FSDIR_Read
                0x000000000010b6e0       0x50 C:/devkitPro/libctru/lib\libctru.a(fs.o)
                0x000000000010b6e0                FSDIR_Read
 .text.FSDIR_Close
                0x000000000010b730       0x3c C:/devkitPro/libctru/lib\libctru.a(fs.o)
                0x000000000010b730                FSDIR_Close
 .text.rbtree_node_next
                0x000000000010b76c       0x5c C:/devkitPro/libctru/lib\libctru.a(rbtree_iterator.o)
                0x000000000010b76c                rbtree_node_next
 .text.utf16_to_utf8
                0x000000000010b7c8       0xe8 C:/devkitPro/libctru/lib\libctru.a(utf16_to_utf8.o)
                0x000000000010b7c8                utf16_to_utf8
 .text.decode_utf16
                0x000000000010b8b0       0x64 C:/devkitPro/libctru/lib\libctru.a(decode_utf16.o)
                0x000000000010b8b0                decode_utf16
 .text.decode_utf8
                0x000000000010b914      0x13c C:/devkitPro/libctru/lib\libctru.a(decode_utf8.o)
                0x000000000010b914                decode_utf8
 .text.utf8_to_utf16
                0x000000000010ba50       0xc0 C:/devkitPro/libctru/lib\libctru.a(utf8_to_utf16.o)
                0x000000000010ba50                utf8_to_utf16
 .text.__aeabi_read_tp
                0x000000000010bb10        0xc C:/devkitPro/libctru/lib\libctru.a(readtp.o)
                0x000000000010bb10                __aeabi_read_tp
 .text.encode_utf16
                0x000000000010bb1c       0x54 C:/devkitPro/libctru/lib\libctru.a(encode_utf16.o)
                0x000000000010bb1c                encode_utf16
 .text.encode_utf8
                0x000000000010bb70       0xe0 C:/devkitPro/libctru/lib\libctru.a(encode_utf8.o)
                0x000000000010bb70                encode_utf8
 .text.__udivmoddi4
                0x000000000010bc50      0x120 c:/devkitpro/devkitarm/bin/../lib/gcc/arm-none-eabi/12.1.0/armv6k/fpu\libgcc.a(_udivmoddi4.o)
                0x000000000010bc50                __udivmoddi4
 .text.bsearch  0x000000000010bd70       0x78 c:/devkitpro/devkitarm/bin/../lib/gcc/arm-none-eabi/12.1.0/../../../../arm-none-eabi/lib/armv6k/fpu\libg.a(lib_a-bsearch.o)
                0x000000000010bd70                bsearch
 .text.__errno  0x000000000010bde8        0xc c:/devkitpro/devkitarm/bin/../lib/gcc/arm-none-eabi/12.1.0/../../../../arm-none-eabi/lib/armv6k/fpu\libg.a(lib_a-errno.o)
                0x000000000010bde8                __errno
 .text.exit     0x000000000010bdf4       0x34 c:/devkitpro/devkitarm/bin/../lib/gcc/arm-none-eabi/12.1.0/../../../../arm-none-eabi/lib/armv6k/fpu\libg.a(lib_a-exit.o)
                0x000000000010bdf4                exit
 .text._fclose_r
                0x000000000010be28      0x15c c:/devkitpro/devkitarm/bin/../lib/gcc/arm-none-eabi/12.1.0/../../../../arm-none-eabi/lib/armv6k/fpu\libg.a(lib_a-fclose.o)
                0x000000000010be28                _fclose_r
 .text.fclose   0x000000000010bf84       0x18 c:/devkitpro/devkitarm/bin/../lib/gcc/arm-none-eabi/12.1.0/../../../../arm-none-eabi/lib/armv6k/fpu\libg.a(lib_a-fclose.o)
                0x000000000010bf84                fclose
 .text.__sflush_r
                0x000000000010bf9c      0x234 c:/devkitpro/devkitarm/bin/../lib/gcc/arm-none-eabi/12.1.0/../../../../arm-none-eabi/lib/armv6k/fpu\libg.a(lib_a-fflush.o)
                0x000000000010bf9c                __sflush_r
 .text._fflush_r
                0x000000000010c1d0       0x94 c:/devkitpro/devkitarm/bin/../lib/gcc/arm-none-eabi/12.1.0/../../../../arm-none-eabi/lib/armv6k/fpu\libg.a(lib_a-fflush.o)
                0x000000000010c1d0                _fflush_r
 .text.fflush   0x000000000010c264       0x38 c:/devkitpro/devkitarm/bin/../lib/gcc/arm-none-eabi/12.1.0/../../../../arm-none-eabi/lib/armv6k/fpu\libg.a(lib_a-fflush.o)
                0x000000000010c264                fflush
 .text._cleanup_r
                0x000000000010c29c        0xc c:/devkitpro/devkitarm/bin/../lib/gcc/arm-none-eabi/12.1.0/../../../../arm-none-eabi/lib/armv6k/fpu\libg.a(lib_a-findfp.o)
                0x000000000010c29c                _cleanup_r
 .text.__sinit  0x000000000010c2a8      0x184 c:/devkitpro/devkitarm/bin/../lib/gcc/arm-none-eabi/12.1.0/../../../../arm-none-eabi/lib/armv6k/fpu\libg.a(lib_a-findfp.o)
                0x000000000010c2a8                __sinit
 .text.__sfp    0x000000000010c42c      0x134 c:/devkitpro/devkitarm/bin/../lib/gcc/arm-none-eabi/12.1.0/../../../../arm-none-eabi/lib/armv6k/fpu\libg.a(lib_a-findfp.o)
                0x000000000010c42c                __sfp
 .text.__sfp_lock_acquire
                0x000000000010c560        0xc c:/devkitpro/devkitarm/bin/../lib/gcc/arm-none-eabi/12.1.0/../../../../arm-none-eabi/lib/armv6k/fpu\libg.a(lib_a-findfp.o)
                0x000000000010c560                __sfp_lock_acquire
 .text.__sfp_lock_release
                0x000000000010c56c        0xc c:/devkitpro/devkitarm/bin/../lib/gcc/arm-none-eabi/12.1.0/../../../../arm-none-eabi/lib/armv6k/fpu\libg.a(lib_a-findfp.o)
                0x000000000010c56c                __sfp_lock_release
 .text.__libc_fini_array
                0x000000000010c578       0x3c c:/devkitpro/devkitarm/bin/../lib/gcc/arm-none-eabi/12.1.0/../../../../arm-none-eabi/lib/armv6k/fpu\libg.a(lib_a-fini.o)
                0x000000000010c578                __libc_fini_array
 .text._fopen_r
                0x000000000010c5b4      0x134 c:/devkitpro/devkitarm/bin/../lib/gcc/arm-none-eabi/12.1.0/../../../../arm-none-eabi/lib/armv6k/fpu\libg.a(lib_a-fopen.o)
                0x000000000010c5b4                _fopen_r
 .text.fopen    0x000000000010c6e8       0x20 c:/devkitpro/devkitarm/bin/../lib/gcc/arm-none-eabi/12.1.0/../../../../arm-none-eabi/lib/armv6k/fpu\libg.a(lib_a-fopen.o)
                0x000000000010c6e8                fopen
 .text._fread_r
                0x000000000010c708      0x2d0 c:/devkitpro/devkitarm/bin/../lib/gcc/arm-none-eabi/12.1.0/../../../../arm-none-eabi/lib/armv6k/fpu\libg.a(lib_a-fread.o)
                0x000000000010c708                _fread_r
 .text.fread    0x000000000010c9d8       0x38 c:/devkitpro/devkitarm/bin/../lib/gcc/arm-none-eabi/12.1.0/../../../../arm-none-eabi/lib/armv6k/fpu\libg.a(lib_a-fread.o)
                0x000000000010c9d8                fread
 .text._malloc_trim_r
                0x000000000010ca10       0xf8 c:/devkitpro/devkitarm/bin/../lib/gcc/arm-none-eabi/12.1.0/../../../../arm-none-eabi/lib/armv6k/fpu\libg.a(lib_a-freer.o)
                0x000000000010ca10                _malloc_trim_r
 .text._free_r  0x000000000010cb08      0x2e8 c:/devkitpro/devkitarm/bin/../lib/gcc/arm-none-eabi/12.1.0/../../../../arm-none-eabi/lib/armv6k/fpu\libg.a(lib_a-freer.o)
                0x000000000010cb08                _free_r
 .text._fseek_r
                0x000000000010cdf0       0x1c c:/devkitpro/devkitarm/bin/../lib/gcc/arm-none-eabi/12.1.0/../../../../arm-none-eabi/lib/armv6k/fpu\libg.a(lib_a-fseek.o)
                0x000000000010cdf0                _fseek_r
 .text._fseeko_r
                0x000000000010ce0c      0x590 c:/devkitpro/devkitarm/bin/../lib/gcc/arm-none-eabi/12.1.0/../../../../arm-none-eabi/lib/armv6k/fpu\libg.a(lib_a-fseeko.o)
                0x000000000010ce0c                _fseeko_r
 .text._fwalk   0x000000000010d39c       0x68 c:/devkitpro/devkitarm/bin/../lib/gcc/arm-none-eabi/12.1.0/../../../../arm-none-eabi/lib/armv6k/fpu\libg.a(lib_a-fwalk.o)
                0x000000000010d39c                _fwalk
 .text._fwalk_reent
                0x000000000010d404       0x70 c:/devkitpro/devkitarm/bin/../lib/gcc/arm-none-eabi/12.1.0/../../../../arm-none-eabi/lib/armv6k/fpu\libg.a(lib_a-fwalk.o)
                0x000000000010d404                _fwalk_reent
 .text._fwrite_r
                0x000000000010d474       0xf0 c:/devkitpro/devkitarm/bin/../lib/gcc/arm-none-eabi/12.1.0/../../../../arm-none-eabi/lib/armv6k/fpu\libg.a(lib_a-fwrite.o)
                0x000000000010d474                _fwrite_r
 .text.fwrite   0x000000000010d564       0x38 c:/devkitpro/devkitarm/bin/../lib/gcc/arm-none-eabi/12.1.0/../../../../arm-none-eabi/lib/armv6k/fpu\libg.a(lib_a-fwrite.o)
                0x000000000010d564                fwrite
 .text.__libc_init_array
                0x000000000010d59c       0x84 c:/devkitpro/devkitarm/bin/../lib/gcc/arm-none-eabi/12.1.0/../../../../arm-none-eabi/lib/armv6k/fpu\libg.a(lib_a-init.o)
                0x000000000010d59c                __libc_init_array
 .text.__smakebuf_r
                0x000000000010d620      0x138 c:/devkitpro/devkitarm/bin/../lib/gcc/arm-none-eabi/12.1.0/../../../../arm-none-eabi/lib/armv6k/fpu\libg.a(lib_a-makebuf.o)
                0x000000000010d620                __smakebuf_r
 .text.__swhatbuf_r
                0x000000000010d758       0x8c c:/devkitpro/devkitarm/bin/../lib/gcc/arm-none-eabi/12.1.0/../../../../arm-none-eabi/lib/armv6k/fpu\libg.a(lib_a-makebuf.o)
                0x000000000010d758                __swhatbuf_r
 .text.memalign
                0x000000000010d7e4       0x20 c:/devkitpro/devkitarm/bin/../lib/gcc/arm-none-eabi/12.1.0/../../../../arm-none-eabi/lib/armv6k/fpu\libg.a(lib_a-malign.o)
                0x000000000010d7e4                memalign
 .text._memalign_r
                0x000000000010d804      0x14c c:/devkitpro/devkitarm/bin/../lib/gcc/arm-none-eabi/12.1.0/../../../../arm-none-eabi/lib/armv6k/fpu\libg.a(lib_a-malignr.o)
                0x000000000010d804                _memalign_r
 .text.malloc   0x000000000010d950       0x18 c:/devkitpro/devkitarm/bin/../lib/gcc/arm-none-eabi/12.1.0/../../../../arm-none-eabi/lib/armv6k/fpu\libg.a(lib_a-malloc.o)
                0x000000000010d950                malloc
 .text.free     0x000000000010d968       0x18 c:/devkitpro/devkitarm/bin/../lib/gcc/arm-none-eabi/12.1.0/../../../../arm-none-eabi/lib/armv6k/fpu\libg.a(lib_a-malloc.o)
                0x000000000010d968                free
 .text._malloc_r
                0x000000000010d980      0x7e4 c:/devkitpro/devkitarm/bin/../lib/gcc/arm-none-eabi/12.1.0/../../../../arm-none-eabi/lib/armv6k/fpu\libg.a(lib_a-mallocr.o)
                0x000000000010d980                _malloc_r
 .text.memchr   0x000000000010e164       0xe4 c:/devkitpro/devkitarm/bin/../lib/gcc/arm-none-eabi/12.1.0/../../../../arm-none-eabi/lib/armv6k/fpu\libg.a(lib_a-memchr-stub.o)
                0x000000000010e164                memchr
 .text.memcpy   0x000000000010e248      0x118 c:/devkitpro/devkitarm/bin/../lib/gcc/arm-none-eabi/12.1.0/../../../../arm-none-eabi/lib/armv6k/fpu\libg.a(lib_a-memcpy-stub.o)
                0x000000000010e248                memcpy
 .text.memset   0x000000000010e360       0xf4 c:/devkitpro/devkitarm/bin/../lib/gcc/arm-none-eabi/12.1.0/../../../../arm-none-eabi/lib/armv6k/fpu\libg.a(lib_a-memset.o)
                0x000000000010e360                memset
 .text.__malloc_lock
                0x000000000010e454        0xc c:/devkitpro/devkitarm/bin/../lib/gcc/arm-none-eabi/12.1.0/../../../../arm-none-eabi/lib/armv6k/fpu\libg.a(lib_a-mlock.o)
                0x000000000010e454                __malloc_lock
 .text.__malloc_unlock
                0x000000000010e460        0xc c:/devkitpro/devkitarm/bin/../lib/gcc/arm-none-eabi/12.1.0/../../../../arm-none-eabi/lib/armv6k/fpu\libg.a(lib_a-mlock.o)
                0x000000000010e460                __malloc_unlock
 .text.printf   0x000000000010e46c       0x34 c:/devkitpro/devkitarm/bin/../lib/gcc/arm-none-eabi/12.1.0/../../../../arm-none-eabi/lib/armv6k/fpu\libg.a(lib_a-printf.o)
                0x000000000010e46c                printf
 .text.srand    0x000000000010e4a0       0x1c c:/devkitpro/devkitarm/bin/../lib/gcc/arm-none-eabi/12.1.0/../../../../arm-none-eabi/lib/armv6k/fpu\libg.a(lib_a-rand.o)
                0x000000000010e4a0                srand
 .text.rand     0x000000000010e4bc       0x44 c:/devkitpro/devkitarm/bin/../lib/gcc/arm-none-eabi/12.1.0/../../../../arm-none-eabi/lib/armv6k/fpu\libg.a(lib_a-rand.o)
                0x000000000010e4bc                rand
 .text.lflush   0x000000000010e500       0x1c c:/devkitpro/devkitarm/bin/../lib/gcc/arm-none-eabi/12.1.0/../../../../arm-none-eabi/lib/armv6k/fpu\libg.a(lib_a-refill.o)
 .text.__srefill_r
                0x000000000010e51c      0x198 c:/devkitpro/devkitarm/bin/../lib/gcc/arm-none-eabi/12.1.0/../../../../arm-none-eabi/lib/armv6k/fpu\libg.a(lib_a-refill.o)
                0x000000000010e51c                __srefill_r
 .text.setvbuf  0x000000000010e6b4      0x25c c:/devkitpro/devkitarm/bin/../lib/gcc/arm-none-eabi/12.1.0/../../../../arm-none-eabi/lib/armv6k/fpu\libg.a(lib_a-setvbuf.o)
                0x000000000010e6b4                setvbuf
 .text.sscanf   0x000000000010e910       0x74 c:/devkitpro/devkitarm/bin/../lib/gcc/arm-none-eabi/12.1.0/../../../../arm-none-eabi/lib/armv6k/fpu\libg.a(lib_a-sscanf.o)
                0x000000000010e910                sscanf
 .text.__sread  0x000000000010e984       0x44 c:/devkitpro/devkitarm/bin/../lib/gcc/arm-none-eabi/12.1.0/../../../../arm-none-eabi/lib/armv6k/fpu\libg.a(lib_a-stdio.o)
                0x000000000010e984                __sread
 .text.__seofread
                0x000000000010e9c8        0x8 c:/devkitpro/devkitarm/bin/../lib/gcc/arm-none-eabi/12.1.0/../../../../arm-none-eabi/lib/armv6k/fpu\libg.a(lib_a-stdio.o)
                0x000000000010e9c8                __seofread
 .text.__swrite
                0x000000000010e9d0       0x68 c:/devkitpro/devkitarm/bin/../lib/gcc/arm-none-eabi/12.1.0/../../../../arm-none-eabi/lib/armv6k/fpu\libg.a(lib_a-stdio.o)
                0x000000000010e9d0                __swrite
 .text.__sseek  0x000000000010ea38       0x44 c:/devkitpro/devkitarm/bin/../lib/gcc/arm-none-eabi/12.1.0/../../../../arm-none-eabi/lib/armv6k/fpu\libg.a(lib_a-stdio.o)
                0x000000000010ea38                __sseek
 .text.__sclose
                0x000000000010ea7c        0x8 c:/devkitpro/devkitarm/bin/../lib/gcc/arm-none-eabi/12.1.0/../../../../arm-none-eabi/lib/armv6k/fpu\libg.a(lib_a-stdio.o)
                0x000000000010ea7c                __sclose
 .text.strlen   0x000000000010ea84       0x5c c:/devkitpro/devkitarm/bin/../lib/gcc/arm-none-eabi/12.1.0/../../../../arm-none-eabi/lib/armv6k/fpu\libg.a(lib_a-strlen-stub.o)
                0x000000000010ea84                strlen
 .text.strncat  0x000000000010eae0       0xe4 c:/devkitpro/devkitarm/bin/../lib/gcc/arm-none-eabi/12.1.0/../../../../arm-none-eabi/lib/armv6k/fpu\libg.a(lib_a-strncat.o)
                0x000000000010eae0                strncat
 .text.strncmp  0x000000000010ebc4       0xe4 c:/devkitpro/devkitarm/bin/../lib/gcc/arm-none-eabi/12.1.0/../../../../arm-none-eabi/lib/armv6k/fpu\libg.a(lib_a-strncmp.o)
                0x000000000010ebc4                strncmp
 .text.strncpy  0x000000000010eca8       0xc4 c:/devkitpro/devkitarm/bin/../lib/gcc/arm-none-eabi/12.1.0/../../../../arm-none-eabi/lib/armv6k/fpu\libg.a(lib_a-strncpy.o)
                0x000000000010eca8                strncpy
 .text.strnlen  0x000000000010ed6c       0x48 c:/devkitpro/devkitarm/bin/../lib/gcc/arm-none-eabi/12.1.0/../../../../arm-none-eabi/lib/armv6k/fpu\libg.a(lib_a-strnlen.o)
                0x000000000010ed6c                strnlen
 .text._strtoul_l.constprop.0
                0x000000000010edb4      0x1c4 c:/devkitpro/devkitarm/bin/../lib/gcc/arm-none-eabi/12.1.0/../../../../arm-none-eabi/lib/armv6k/fpu\libg.a(lib_a-strtoul.o)
 .text._strtoul_r
                0x000000000010ef78        0x4 c:/devkitpro/devkitarm/bin/../lib/gcc/arm-none-eabi/12.1.0/../../../../arm-none-eabi/lib/armv6k/fpu\libg.a(lib_a-strtoul.o)
                0x000000000010ef78                _strtoul_r
 .text.strtoul  0x000000000010ef7c       0x28 c:/devkitpro/devkitarm/bin/../lib/gcc/arm-none-eabi/12.1.0/../../../../arm-none-eabi/lib/armv6k/fpu\libg.a(lib_a-strtoul.o)
                0x000000000010ef7c                strtoul
 .text.get_arg  0x000000000010efa4       0x50 c:/devkitpro/devkitarm/bin/../lib/gcc/arm-none-eabi/12.1.0/../../../../arm-none-eabi/lib/armv6k/fpu\libg.a(lib_a-svfscanf.o)
 .text.__ssvfscanf_r
                0x000000000010eff4     0x2c38 c:/devkitpro/devkitarm/bin/../lib/gcc/arm-none-eabi/12.1.0/../../../../arm-none-eabi/lib/armv6k/fpu\libg.a(lib_a-svfscanf.o)
                0x000000000010eff4                __ssvfscanf_r
 .text.get_arg  0x0000000000111c2c      0x66c c:/devkitpro/devkitarm/bin/../lib/gcc/arm-none-eabi/12.1.0/../../../../arm-none-eabi/lib/armv6k/fpu\libg.a(lib_a-vfprintf.o)
 .text._vfprintf_r
                0x0000000000112298     0x339c c:/devkitpro/devkitarm/bin/../lib/gcc/arm-none-eabi/12.1.0/../../../../arm-none-eabi/lib/armv6k/fpu\libg.a(lib_a-vfprintf.o)
                0x0000000000112298                _vfprintf_r
 .text.__sbprintf
                0x0000000000115634       0xd0 c:/devkitpro/devkitarm/bin/../lib/gcc/arm-none-eabi/12.1.0/../../../../arm-none-eabi/lib/armv6k/fpu\libg.a(lib_a-vfprintf.o)
 .text._wcrtomb_r
                0x0000000000115704       0x54 c:/devkitpro/devkitarm/bin/../lib/gcc/arm-none-eabi/12.1.0/../../../../arm-none-eabi/lib/armv6k/fpu\libg.a(lib_a-wcrtomb.o)
                0x0000000000115704                _wcrtomb_r
 .text._wcsrtombs_r
                0x0000000000115758       0x28 c:/devkitpro/devkitarm/bin/../lib/gcc/arm-none-eabi/12.1.0/../../../../arm-none-eabi/lib/armv6k/fpu\libg.a(lib_a-wcsrtombs.o)
                0x0000000000115758                _wcsrtombs_r
 .text.__swsetup_r
                0x0000000000115780      0x13c c:/devkitpro/devkitarm/bin/../lib/gcc/arm-none-eabi/12.1.0/../../../../arm-none-eabi/lib/armv6k/fpu\libg.a(lib_a-wsetup.o)
                0x0000000000115780                __swsetup_r
 .text.__call_exitprocs
                0x00000000001158bc      0x114 c:/devkitpro/devkitarm/bin/../lib/gcc/arm-none-eabi/12.1.0/../../../../arm-none-eabi/lib/armv6k/fpu\libg.a(lib_a-__call_atexit.o)
                0x00000000001158bc                __call_exitprocs
 .text.quorem   0x00000000001159d0      0x1b0 c:/devkitpro/devkitarm/bin/../lib/gcc/arm-none-eabi/12.1.0/../../../../arm-none-eabi/lib/armv6k/fpu\libg.a(lib_a-dtoa.o)
 .text._dtoa_r  0x0000000000115b80     0x11f8 c:/devkitpro/devkitarm/bin/../lib/gcc/arm-none-eabi/12.1.0/../../../../arm-none-eabi/lib/armv6k/fpu\libg.a(lib_a-dtoa.o)
                0x0000000000115b80                _dtoa_r
 .text.__sflags
                0x0000000000116d78       0xc8 c:/devkitpro/devkitarm/bin/../lib/gcc/arm-none-eabi/12.1.0/../../../../arm-none-eabi/lib/armv6k/fpu\libg.a(lib_a-flags.o)
                0x0000000000116d78                __sflags
 .text.__sfvwrite_r
                0x0000000000116e40      0x4b4 c:/devkitpro/devkitarm/bin/../lib/gcc/arm-none-eabi/12.1.0/../../../../arm-none-eabi/lib/armv6k/fpu\libg.a(lib_a-fvwrite.o)
                0x0000000000116e40                __sfvwrite_r
 .text.iswspace
                0x00000000001172f4        0x8 c:/devkitpro/devkitarm/bin/../lib/gcc/arm-none-eabi/12.1.0/../../../../arm-none-eabi/lib/armv6k/fpu\libg.a(lib_a-iswspace.o)
                0x00000000001172f4                iswspace
 .text._localeconv_r
                0x00000000001172fc        0xc c:/devkitpro/devkitarm/bin/../lib/gcc/arm-none-eabi/12.1.0/../../../../arm-none-eabi/lib/armv6k/fpu\libg.a(lib_a-localeconv.o)
                0x00000000001172fc                _localeconv_r
 .text.__locale_mb_cur_max
                0x0000000000117308       0x10 c:/devkitpro/devkitarm/bin/../lib/gcc/arm-none-eabi/12.1.0/../../../../arm-none-eabi/lib/armv6k/fpu\libg.a(lib_a-locale.o)
                0x0000000000117308                __locale_mb_cur_max
 .text._mbrtowc_r
                0x0000000000117318       0x68 c:/devkitpro/devkitarm/bin/../lib/gcc/arm-none-eabi/12.1.0/../../../../arm-none-eabi/lib/armv6k/fpu\libg.a(lib_a-mbrtowc.o)
                0x0000000000117318                _mbrtowc_r
 .text.__utf8_mbtowc
                0x0000000000117380      0x2f8 c:/devkitpro/devkitarm/bin/../lib/gcc/arm-none-eabi/12.1.0/../../../../arm-none-eabi/lib/armv6k/fpu\libg.a(lib_a-mbtowc_r.o)
                0x0000000000117380                __utf8_mbtowc
 .text.memmove  0x0000000000117678      0x150 c:/devkitpro/devkitarm/bin/../lib/gcc/arm-none-eabi/12.1.0/../../../../arm-none-eabi/lib/armv6k/fpu\libg.a(lib_a-memmove.o)
                0x0000000000117678                memmove
 .text._Balloc  0x00000000001177c8       0x88 c:/devkitpro/devkitarm/bin/../lib/gcc/arm-none-eabi/12.1.0/../../../../arm-none-eabi/lib/armv6k/fpu\libg.a(lib_a-mprec.o)
                0x00000000001177c8                _Balloc
 .text._Bfree   0x0000000000117850       0x1c c:/devkitpro/devkitarm/bin/../lib/gcc/arm-none-eabi/12.1.0/../../../../arm-none-eabi/lib/armv6k/fpu\libg.a(lib_a-mprec.o)
                0x0000000000117850                _Bfree
 .text.__multadd
                0x000000000011786c       0xf4 c:/devkitpro/devkitarm/bin/../lib/gcc/arm-none-eabi/12.1.0/../../../../arm-none-eabi/lib/armv6k/fpu\libg.a(lib_a-mprec.o)
                0x000000000011786c                __multadd
 .text.__s2b    0x0000000000117960      0x110 c:/devkitpro/devkitarm/bin/../lib/gcc/arm-none-eabi/12.1.0/../../../../arm-none-eabi/lib/armv6k/fpu\libg.a(lib_a-mprec.o)
                0x0000000000117960                __s2b
 .text.__hi0bits
                0x0000000000117a70       0x60 c:/devkitpro/devkitarm/bin/../lib/gcc/arm-none-eabi/12.1.0/../../../../arm-none-eabi/lib/armv6k/fpu\libg.a(lib_a-mprec.o)
                0x0000000000117a70                __hi0bits
 .text.__lo0bits
                0x0000000000117ad0       0x9c c:/devkitpro/devkitarm/bin/../lib/gcc/arm-none-eabi/12.1.0/../../../../arm-none-eabi/lib/armv6k/fpu\libg.a(lib_a-mprec.o)
                0x0000000000117ad0                __lo0bits
 .text.__i2b    0x0000000000117b6c       0xa8 c:/devkitpro/devkitarm/bin/../lib/gcc/arm-none-eabi/12.1.0/../../../../arm-none-eabi/lib/armv6k/fpu\libg.a(lib_a-mprec.o)
                0x0000000000117b6c                __i2b
 .text.__multiply
                0x0000000000117c14      0x204 c:/devkitpro/devkitarm/bin/../lib/gcc/arm-none-eabi/12.1.0/../../../../arm-none-eabi/lib/armv6k/fpu\libg.a(lib_a-mprec.o)
                0x0000000000117c14                __multiply
 .text.__pow5mult
                0x0000000000117e18      0x124 c:/devkitpro/devkitarm/bin/../lib/gcc/arm-none-eabi/12.1.0/../../../../arm-none-eabi/lib/armv6k/fpu\libg.a(lib_a-mprec.o)
                0x0000000000117e18                __pow5mult
 .text.__lshift
                0x0000000000117f3c      0x140 c:/devkitpro/devkitarm/bin/../lib/gcc/arm-none-eabi/12.1.0/../../../../arm-none-eabi/lib/armv6k/fpu\libg.a(lib_a-mprec.o)
                0x0000000000117f3c                __lshift
 .text.__mcmp   0x000000000011807c       0x58 c:/devkitpro/devkitarm/bin/../lib/gcc/arm-none-eabi/12.1.0/../../../../arm-none-eabi/lib/armv6k/fpu\libg.a(lib_a-mprec.o)
                0x000000000011807c                __mcmp
 .text.__mdiff  0x00000000001180d4      0x1ec c:/devkitpro/devkitarm/bin/../lib/gcc/arm-none-eabi/12.1.0/../../../../arm-none-eabi/lib/armv6k/fpu\libg.a(lib_a-mprec.o)
                0x00000000001180d4                __mdiff
 .text.__ulp    0x00000000001182c0       0x68 c:/devkitpro/devkitarm/bin/../lib/gcc/arm-none-eabi/12.1.0/../../../../arm-none-eabi/lib/armv6k/fpu\libg.a(lib_a-mprec.o)
                0x00000000001182c0                __ulp
 .text.__b2d    0x0000000000118328       0xd0 c:/devkitpro/devkitarm/bin/../lib/gcc/arm-none-eabi/12.1.0/../../../../arm-none-eabi/lib/armv6k/fpu\libg.a(lib_a-mprec.o)
                0x0000000000118328                __b2d
 .text.__d2b    0x00000000001183f8      0x120 c:/devkitpro/devkitarm/bin/../lib/gcc/arm-none-eabi/12.1.0/../../../../arm-none-eabi/lib/armv6k/fpu\libg.a(lib_a-mprec.o)
                0x00000000001183f8                __d2b
 .text.__ratio  0x0000000000118518       0x78 c:/devkitpro/devkitarm/bin/../lib/gcc/arm-none-eabi/12.1.0/../../../../arm-none-eabi/lib/armv6k/fpu\libg.a(lib_a-mprec.o)
                0x0000000000118518                __ratio
 .text.__copybits
                0x0000000000118590       0x88 c:/devkitpro/devkitarm/bin/../lib/gcc/arm-none-eabi/12.1.0/../../../../arm-none-eabi/lib/armv6k/fpu\libg.a(lib_a-mprec.o)
                0x0000000000118590                __copybits
 .text.__any_on
                0x0000000000118618       0x5c c:/devkitpro/devkitarm/bin/../lib/gcc/arm-none-eabi/12.1.0/../../../../arm-none-eabi/lib/armv6k/fpu\libg.a(lib_a-mprec.o)
                0x0000000000118618                __any_on
 .text.realloc  0x0000000000118674       0x20 c:/devkitpro/devkitarm/bin/../lib/gcc/arm-none-eabi/12.1.0/../../../../arm-none-eabi/lib/armv6k/fpu\libg.a(lib_a-realloc.o)
                0x0000000000118674                realloc
 .text._realloc_r
                0x0000000000118694      0x4a0 c:/devkitpro/devkitarm/bin/../lib/gcc/arm-none-eabi/12.1.0/../../../../arm-none-eabi/lib/armv6k/fpu\libg.a(lib_a-reallocr.o)
                0x0000000000118694                _realloc_r
 .text.__sccl   0x0000000000118b34       0xf4 c:/devkitpro/devkitarm/bin/../lib/gcc/arm-none-eabi/12.1.0/../../../../arm-none-eabi/lib/armv6k/fpu\libg.a(lib_a-sccl.o)
                0x0000000000118b34                __sccl
 .text.nanf     0x0000000000118c28        0xc c:/devkitpro/devkitarm/bin/../lib/gcc/arm-none-eabi/12.1.0/../../../../arm-none-eabi/lib/armv6k/fpu\libg.a(lib_a-sf_nan.o)
                0x0000000000118c28                nanf
 *fill*         0x0000000000118c34        0x4 
 .text.frexp    0x0000000000118c38       0x88 c:/devkitpro/devkitarm/bin/../lib/gcc/arm-none-eabi/12.1.0/../../../../arm-none-eabi/lib/armv6k/fpu\libg.a(lib_a-s_frexp.o)
                0x0000000000118c38                frexp
 .text.sprintf  0x0000000000118cc0       0x64 c:/devkitpro/devkitarm/bin/../lib/gcc/arm-none-eabi/12.1.0/../../../../arm-none-eabi/lib/armv6k/fpu\libg.a(lib_a-sprintf.o)
                0x0000000000118cc0                sprintf
 .text.stpncpy  0x0000000000118d24       0xcc c:/devkitpro/devkitarm/bin/../lib/gcc/arm-none-eabi/12.1.0/../../../../arm-none-eabi/lib/armv6k/fpu\libg.a(lib_a-stpncpy.o)
                0x0000000000118d24                stpncpy
 .text.strchr   0x0000000000118df0      0x130 c:/devkitpro/devkitarm/bin/../lib/gcc/arm-none-eabi/12.1.0/../../../../arm-none-eabi/lib/armv6k/fpu\libg.a(lib_a-strchr.o)
                0x0000000000118df0                strchr
 .text.sulp     0x0000000000118f20       0x64 c:/devkitpro/devkitarm/bin/../lib/gcc/arm-none-eabi/12.1.0/../../../../arm-none-eabi/lib/armv6k/fpu\libg.a(lib_a-strtod.o)
 *fill*         0x0000000000118f84        0x4 
 .text._strtod_l
                0x0000000000118f88     0x13a8 c:/devkitpro/devkitarm/bin/../lib/gcc/arm-none-eabi/12.1.0/../../../../arm-none-eabi/lib/armv6k/fpu\libg.a(lib_a-strtod.o)
                0x0000000000118f88                _strtod_l
 .text._strtod_r
                0x000000000011a330        0xc c:/devkitpro/devkitarm/bin/../lib/gcc/arm-none-eabi/12.1.0/../../../../arm-none-eabi/lib/armv6k/fpu\libg.a(lib_a-strtod.o)
                0x000000000011a330                _strtod_r
 .text._strtoll_l.constprop.0
                0x000000000011a33c      0x22c c:/devkitpro/devkitarm/bin/../lib/gcc/arm-none-eabi/12.1.0/../../../../arm-none-eabi/lib/armv6k/fpu\libg.a(lib_a-strtoll.o)
 .text._strtoll_r
                0x000000000011a568        0x4 c:/devkitpro/devkitarm/bin/../lib/gcc/arm-none-eabi/12.1.0/../../../../arm-none-eabi/lib/armv6k/fpu\libg.a(lib_a-strtoll.o)
                0x000000000011a568                _strtoll_r
 .text._strtol_l.part.0
                0x000000000011a56c      0x1a4 c:/devkitpro/devkitarm/bin/../lib/gcc/arm-none-eabi/12.1.0/../../../../arm-none-eabi/lib/armv6k/fpu\libg.a(lib_a-strtol.o)
 .text._strtol_r
                0x000000000011a710       0x3c c:/devkitpro/devkitarm/bin/../lib/gcc/arm-none-eabi/12.1.0/../../../../arm-none-eabi/lib/armv6k/fpu\libg.a(lib_a-strtol.o)
                0x000000000011a710                _strtol_r
 .text._strtoull_l.constprop.0
                0x000000000011a74c      0x244 c:/devkitpro/devkitarm/bin/../lib/gcc/arm-none-eabi/12.1.0/../../../../arm-none-eabi/lib/armv6k/fpu\libg.a(lib_a-strtoull.o)
 .text._strtoull_r
                0x000000000011a990        0x4 c:/devkitpro/devkitarm/bin/../lib/gcc/arm-none-eabi/12.1.0/../../../../arm-none-eabi/lib/armv6k/fpu\libg.a(lib_a-strtoull.o)
                0x000000000011a990                _strtoull_r
 .text.__ssprint_r
                0x000000000011a994      0x188 c:/devkitpro/devkitarm/bin/../lib/gcc/arm-none-eabi/12.1.0/../../../../arm-none-eabi/lib/armv6k/fpu\libg.a(lib_a-svfiprintf.o)
                0x000000000011a994                __ssprint_r
 .text._sungetc_r
                0x000000000011ab1c       0xd4 c:/devkitpro/devkitarm/bin/../lib/gcc/arm-none-eabi/12.1.0/../../../../arm-none-eabi/lib/armv6k/fpu\libg.a(lib_a-svfiscanf.o)
                0x000000000011ab1c                _sungetc_r
 .text.__ssrefill_r
                0x000000000011abf0       0x6c c:/devkitpro/devkitarm/bin/../lib/gcc/arm-none-eabi/12.1.0/../../../../arm-none-eabi/lib/armv6k/fpu\libg.a(lib_a-svfiscanf.o)
                0x000000000011abf0                __ssrefill_r
 .text._sfread_r
                0x000000000011ac5c       0xc4 c:/devkitpro/devkitarm/bin/../lib/gcc/arm-none-eabi/12.1.0/../../../../arm-none-eabi/lib/armv6k/fpu\libg.a(lib_a-svfiscanf.o)
                0x000000000011ac5c                _sfread_r
 .text.get_arg  0x000000000011ad20      0x66c c:/devkitpro/devkitarm/bin/../lib/gcc/arm-none-eabi/12.1.0/../../../../arm-none-eabi/lib/armv6k/fpu\libg.a(lib_a-svfprintf.o)
 *fill*         0x000000000011b38c        0x4 
 .text._svfprintf_r
                0x000000000011b390     0x3334 c:/devkitpro/devkitarm/bin/../lib/gcc/arm-none-eabi/12.1.0/../../../../arm-none-eabi/lib/armv6k/fpu\libg.a(lib_a-svfprintf.o)
                0x000000000011b390                _svfprintf_r
 .text.__submore
                0x000000000011e6c4       0xa8 c:/devkitpro/devkitarm/bin/../lib/gcc/arm-none-eabi/12.1.0/../../../../arm-none-eabi/lib/armv6k/fpu\libg.a(lib_a-ungetc.o)
                0x000000000011e6c4                __submore
 .text.get_arg  0x000000000011e76c      0x66c c:/devkitpro/devkitarm/bin/../lib/gcc/arm-none-eabi/12.1.0/../../../../arm-none-eabi/lib/armv6k/fpu\libg.a(lib_a-vfiprintf.o)
 .text.__sprint_r
                0x000000000011edd8       0x30 c:/devkitpro/devkitarm/bin/../lib/gcc/arm-none-eabi/12.1.0/../../../../arm-none-eabi/lib/armv6k/fpu\libg.a(lib_a-vfiprintf.o)
                0x000000000011edd8                __sprint_r
 .text._vfiprintf_r
                0x000000000011ee08     0x22ec c:/devkitpro/devkitarm/bin/../lib/gcc/arm-none-eabi/12.1.0/../../../../arm-none-eabi/lib/armv6k/fpu\libg.a(lib_a-vfiprintf.o)
                0x000000000011ee08                _vfiprintf_r
 .text.__sbprintf
                0x00000000001210f4       0xd0 c:/devkitpro/devkitarm/bin/../lib/gcc/arm-none-eabi/12.1.0/../../../../arm-none-eabi/lib/armv6k/fpu\libg.a(lib_a-vfiprintf.o)
 .text._wcsnrtombs_l
                0x00000000001211c4      0x188 c:/devkitpro/devkitarm/bin/../lib/gcc/arm-none-eabi/12.1.0/../../../../arm-none-eabi/lib/armv6k/fpu\libg.a(lib_a-wcsnrtombs.o)
                0x00000000001211c4                _wcsnrtombs_l
 .text._wcsnrtombs_r
                0x000000000012134c       0x4c c:/devkitpro/devkitarm/bin/../lib/gcc/arm-none-eabi/12.1.0/../../../../arm-none-eabi/lib/armv6k/fpu\libg.a(lib_a-wcsnrtombs.o)
                0x000000000012134c                _wcsnrtombs_r
 .text.__utf8_wctomb
                0x0000000000121398       0xf0 c:/devkitpro/devkitarm/bin/../lib/gcc/arm-none-eabi/12.1.0/../../../../arm-none-eabi/lib/armv6k/fpu\libg.a(lib_a-wctomb_r.o)
                0x0000000000121398                __utf8_wctomb
 .text.__assert_func
                0x0000000000121488       0x5c c:/devkitpro/devkitarm/bin/../lib/gcc/arm-none-eabi/12.1.0/../../../../arm-none-eabi/lib/armv6k/fpu\libg.a(lib_a-assert.o)
                0x0000000000121488                __assert_func
 .text._calloc_r
                0x00000000001214e4       0xc0 c:/devkitpro/devkitarm/bin/../lib/gcc/arm-none-eabi/12.1.0/../../../../arm-none-eabi/lib/armv6k/fpu\libg.a(lib_a-callocr.o)
                0x00000000001214e4                _calloc_r
 .text.fiprintf
                0x00000000001215a4       0x3c c:/devkitpro/devkitarm/bin/../lib/gcc/arm-none-eabi/12.1.0/../../../../arm-none-eabi/lib/armv6k/fpu\libg.a(lib_a-fiprintf.o)
                0x00000000001215a4                fiprintf
 .text.rshift   0x00000000001215e0       0xf0 c:/devkitpro/devkitarm/bin/../lib/gcc/arm-none-eabi/12.1.0/../../../../arm-none-eabi/lib/armv6k/fpu\libg.a(lib_a-gdtoa-gethex.o)
 .text.__gethex
                0x00000000001216d0      0x814 c:/devkitpro/devkitarm/bin/../lib/gcc/arm-none-eabi/12.1.0/../../../../arm-none-eabi/lib/armv6k/fpu\libg.a(lib_a-gdtoa-gethex.o)
                0x00000000001216d0                __gethex
 .text.__match  0x0000000000121ee4       0x4c c:/devkitpro/devkitarm/bin/../lib/gcc/arm-none-eabi/12.1.0/../../../../arm-none-eabi/lib/armv6k/fpu\libg.a(lib_a-gdtoa-hexnan.o)
                0x0000000000121ee4                __match
 .text.__hexnan
                0x0000000000121f30      0x29c c:/devkitpro/devkitarm/bin/../lib/gcc/arm-none-eabi/12.1.0/../../../../arm-none-eabi/lib/armv6k/fpu\libg.a(lib_a-gdtoa-hexnan.o)
                0x0000000000121f30                __hexnan
 .text.iswspace_l
                0x00000000001221cc       0x3c c:/devkitpro/devkitarm/bin/../lib/gcc/arm-none-eabi/12.1.0/../../../../arm-none-eabi/lib/armv6k/fpu\libg.a(lib_a-iswspace_l.o)
                0x00000000001221cc                iswspace_l
 .text.__jp2uc  0x0000000000122208      0x1d8 c:/devkitpro/devkitarm/bin/../lib/gcc/arm-none-eabi/12.1.0/../../../../arm-none-eabi/lib/armv6k/fpu\libg.a(lib_a-jp2uc.o)
 .text._jp2uc_l
                0x00000000001223e0       0x9c c:/devkitpro/devkitarm/bin/../lib/gcc/arm-none-eabi/12.1.0/../../../../arm-none-eabi/lib/armv6k/fpu\libg.a(lib_a-jp2uc.o)
                0x00000000001223e0                _jp2uc_l
 *fill*         0x000000000012247c        0x4 
 .text.nan      0x0000000000122480       0x10 c:/devkitpro/devkitarm/bin/../lib/gcc/arm-none-eabi/12.1.0/../../../../arm-none-eabi/lib/armv6k/fpu\libg.a(lib_a-s_nan.o)
                0x0000000000122480                nan
 .text.abort    0x0000000000122490       0x14 c:/devkitpro/devkitarm/bin/../lib/gcc/arm-none-eabi/12.1.0/../../../../arm-none-eabi/lib/armv6k/fpu\libg.a(lib_a-abort.o)
                0x0000000000122490                abort
 .text.category
                0x00000000001224a4       0x8c c:/devkitpro/devkitarm/bin/../lib/gcc/arm-none-eabi/12.1.0/../../../../arm-none-eabi/lib/armv6k/fpu\libg.a(lib_a-categories.o)
                0x00000000001224a4                category
 .text._raise_r
                0x0000000000122530       0x90 c:/devkitpro/devkitarm/bin/../lib/gcc/arm-none-eabi/12.1.0/../../../../arm-none-eabi/lib/armv6k/fpu\libg.a(lib_a-signal.o)
                0x0000000000122530                _raise_r
 .text.raise    0x00000000001225c0       0x18 c:/devkitpro/devkitarm/bin/../lib/gcc/arm-none-eabi/12.1.0/../../../../arm-none-eabi/lib/armv6k/fpu\libg.a(lib_a-signal.o)
                0x00000000001225c0                raise
 .text.null_write
                0x00000000001225d8        0x8 c:/devkitpro/devkitarm/bin/../lib/gcc/arm-none-eabi/12.1.0/../../../../arm-none-eabi/lib/armv6k/fpu\libsysbase.a(iosupport.o)
 .text.setDefaultDevice
                0x00000000001225e0       0x18 c:/devkitpro/devkitarm/bin/../lib/gcc/arm-none-eabi/12.1.0/../../../../arm-none-eabi/lib/armv6k/fpu\libsysbase.a(iosupport.o)
                0x00000000001225e0                setDefaultDevice
 .text.FindDevice
                0x00000000001225f8       0xc8 c:/devkitpro/devkitarm/bin/../lib/gcc/arm-none-eabi/12.1.0/../../../../arm-none-eabi/lib/armv6k/fpu\libsysbase.a(iosupport.o)
                0x00000000001225f8                FindDevice
 .text.RemoveDevice
                0x00000000001226c0       0x28 c:/devkitpro/devkitarm/bin/../lib/gcc/arm-none-eabi/12.1.0/../../../../arm-none-eabi/lib/armv6k/fpu\libsysbase.a(iosupport.o)
                0x00000000001226c0                RemoveDevice
 .text.AddDevice
                0x00000000001226e8       0x9c c:/devkitpro/devkitarm/bin/../lib/gcc/arm-none-eabi/12.1.0/../../../../arm-none-eabi/lib/armv6k/fpu\libsysbase.a(iosupport.o)
                0x00000000001226e8                AddDevice
 .text.GetDeviceOpTab
                0x0000000000122784       0x20 c:/devkitpro/devkitarm/bin/../lib/gcc/arm-none-eabi/12.1.0/../../../../arm-none-eabi/lib/armv6k/fpu\libsysbase.a(iosupport.o)
                0x0000000000122784                GetDeviceOpTab
 .text._fstat_r
                0x00000000001227a4       0x78 c:/devkitpro/devkitarm/bin/../lib/gcc/arm-none-eabi/12.1.0/../../../../arm-none-eabi/lib/armv6k/fpu\libsysbase.a(fstat.o)
                0x00000000001227a4                _fstat_r
 .text._getpid_r
                0x000000000012281c       0x14 c:/devkitpro/devkitarm/bin/../lib/gcc/arm-none-eabi/12.1.0/../../../../arm-none-eabi/lib/armv6k/fpu\libsysbase.a(getpid.o)
                0x000000000012281c                _getpid_r
 .text._isatty_r
                0x0000000000122830        0x8 c:/devkitpro/devkitarm/bin/../lib/gcc/arm-none-eabi/12.1.0/../../../../arm-none-eabi/lib/armv6k/fpu\libsysbase.a(isatty.o)
                0x0000000000122830                _isatty_r
 .text._kill_r  0x0000000000122838       0x14 c:/devkitpro/devkitarm/bin/../lib/gcc/arm-none-eabi/12.1.0/../../../../arm-none-eabi/lib/armv6k/fpu\libsysbase.a(kill.o)
                0x0000000000122838                _kill_r
 .text._lseek_r
                0x000000000012284c       0x84 c:/devkitpro/devkitarm/bin/../lib/gcc/arm-none-eabi/12.1.0/../../../../arm-none-eabi/lib/armv6k/fpu\libsysbase.a(lseek.o)
                0x000000000012284c                _lseek_r
 .text._open_r  0x00000000001228d0       0xc0 c:/devkitpro/devkitarm/bin/../lib/gcc/arm-none-eabi/12.1.0/../../../../arm-none-eabi/lib/armv6k/fpu\libsysbase.a(open.o)
                0x00000000001228d0                _open_r
 .text._read_r  0x0000000000122990       0x80 c:/devkitpro/devkitarm/bin/../lib/gcc/arm-none-eabi/12.1.0/../../../../arm-none-eabi/lib/armv6k/fpu\libsysbase.a(read.o)
                0x0000000000122990                _read_r
 .text._sbrk_r  0x0000000000122a10       0x78 c:/devkitpro/devkitarm/bin/../lib/gcc/arm-none-eabi/12.1.0/../../../../arm-none-eabi/lib/armv6k/fpu\libsysbase.a(sbrk.o)
                0x0000000000122a10                _sbrk_r
 .text._write_r
                0x0000000000122a88       0x80 c:/devkitpro/devkitarm/bin/../lib/gcc/arm-none-eabi/12.1.0/../../../../arm-none-eabi/lib/armv6k/fpu\libsysbase.a(write.o)
                0x0000000000122a88                _write_r
 .text._exit    0x0000000000122b08       0x20 c:/devkitpro/devkitarm/bin/../lib/gcc/arm-none-eabi/12.1.0/../../../../arm-none-eabi/lib/armv6k/fpu\libsysbase.a(_exit.o)
                0x0000000000122b08                _exit
 .text._concatenate_path
                0x0000000000122b28      0x1a4 c:/devkitpro/devkitarm/bin/../lib/gcc/arm-none-eabi/12.1.0/../../../../arm-none-eabi/lib/armv6k/fpu\libsysbase.a(chdir.o)
                0x0000000000122b28                _concatenate_path
 .text.chdir    0x0000000000122ccc      0x140 c:/devkitpro/devkitarm/bin/../lib/gcc/arm-none-eabi/12.1.0/../../../../arm-none-eabi/lib/armv6k/fpu\libsysbase.a(chdir.o)
                0x0000000000122ccc                chdir
 .text.mkdir    0x0000000000122e0c       0x60 c:/devkitpro/devkitarm/bin/../lib/gcc/arm-none-eabi/12.1.0/../../../../arm-none-eabi/lib/armv6k/fpu\libsysbase.a(mkdir.o)
                0x0000000000122e0c                mkdir
 .text.__flockfile
                0x0000000000122e6c        0x8 c:/devkitpro/devkitarm/bin/../lib/gcc/arm-none-eabi/12.1.0/../../../../arm-none-eabi/lib/armv6k/fpu\libsysbase.a(flock.o)
                0x0000000000122e6c                __flockfile
 .text.__funlockfile
                0x0000000000122e74        0x8 c:/devkitpro/devkitarm/bin/../lib/gcc/arm-none-eabi/12.1.0/../../../../arm-none-eabi/lib/armv6k/fpu\libsysbase.a(flock.o)
                0x0000000000122e74                __funlockfile
 .text.__release_handle
                0x0000000000122e7c       0x8c c:/devkitpro/devkitarm/bin/../lib/gcc/arm-none-eabi/12.1.0/../../../../arm-none-eabi/lib/armv6k/fpu\libsysbase.a(handle_manager.o)
                0x0000000000122e7c                __release_handle
 .text.__alloc_handle
                0x0000000000122f08       0xb0 c:/devkitpro/devkitarm/bin/../lib/gcc/arm-none-eabi/12.1.0/../../../../arm-none-eabi/lib/armv6k/fpu\libsysbase.a(handle_manager.o)
                0x0000000000122f08                __alloc_handle
 .text.__get_handle
                0x0000000000122fb8       0x3c c:/devkitpro/devkitarm/bin/../lib/gcc/arm-none-eabi/12.1.0/../../../../arm-none-eabi/lib/armv6k/fpu\libsysbase.a(handle_manager.o)
                0x0000000000122fb8                __get_handle
 .text._close_r
                0x0000000000122ff4       0xf4 c:/devkitpro/devkitarm/bin/../lib/gcc/arm-none-eabi/12.1.0/../../../../arm-none-eabi/lib/armv6k/fpu\libsysbase.a(handle_manager.o)
                0x0000000000122ff4                _close_r
 .text.__getreent
                0x00000000001230e8       0x2c c:/devkitpro/devkitarm/bin/../lib/gcc/arm-none-eabi/12.1.0/../../../../arm-none-eabi/lib/armv6k/fpu\libsysbase.a(getreent.o)
                0x00000000001230e8                __getreent
 .text.__libc_lock_acquire
                0x0000000000123114       0x1c c:/devkitpro/devkitarm/bin/../lib/gcc/arm-none-eabi/12.1.0/../../../../arm-none-eabi/lib/armv6k/fpu\libsysbase.a(syscall_support.o)
                0x0000000000123114                __libc_lock_acquire
 .text.__libc_lock_release
                0x0000000000123130       0x1c c:/devkitpro/devkitarm/bin/../lib/gcc/arm-none-eabi/12.1.0/../../../../arm-none-eabi/lib/armv6k/fpu\libsysbase.a(syscall_support.o)
                0x0000000000123130                __libc_lock_release
 .text.__libc_lock_init_recursive
                0x000000000012314c       0x1c c:/devkitpro/devkitarm/bin/../lib/gcc/arm-none-eabi/12.1.0/../../../../arm-none-eabi/lib/armv6k/fpu\libsysbase.a(syscall_support.o)
                0x000000000012314c                __libc_lock_init_recursive
 .text.__libc_lock_acquire_recursive
                0x0000000000123168       0x1c c:/devkitpro/devkitarm/bin/../lib/gcc/arm-none-eabi/12.1.0/../../../../arm-none-eabi/lib/armv6k/fpu\libsysbase.a(syscall_support.o)
                0x0000000000123168                __libc_lock_acquire_recursive
 .text.__libc_lock_release_recursive
                0x0000000000123184       0x1c c:/devkitpro/devkitarm/bin/../lib/gcc/arm-none-eabi/12.1.0/../../../../arm-none-eabi/lib/armv6k/fpu\libsysbase.a(syscall_support.o)
                0x0000000000123184                __libc_lock_release_recursive
 .text.__libc_lock_close_recursive
                0x00000000001231a0       0x1c c:/devkitpro/devkitarm/bin/../lib/gcc/arm-none-eabi/12.1.0/../../../../arm-none-eabi/lib/armv6k/fpu\libsysbase.a(syscall_support.o)
                0x00000000001231a0                __libc_lock_close_recursive
 .text.__fixdfdi
                0x00000000001231bc       0x38 c:/devkitpro/devkitarm/bin/../lib/gcc/arm-none-eabi/12.1.0/armv6k/fpu\libgcc.a(_fixdfdi.o)
                0x00000000001231bc                __fixdfdi
                0x00000000001231bc                __aeabi_d2lz
 *fill*         0x00000000001231f4        0x4 
 .text.__fixunsdfdi
                0x00000000001231f8       0x40 c:/devkitpro/devkitarm/bin/../lib/gcc/arm-none-eabi/12.1.0/armv6k/fpu\libgcc.a(_fixunsdfdi.o)
                0x00000000001231f8                __fixunsdfdi
                0x00000000001231f8                __aeabi_d2ulz
 .text.strrchr  0x0000000000123238       0x48 c:/devkitpro/devkitarm/bin/../lib/gcc/arm-none-eabi/12.1.0/../../../../arm-none-eabi/lib/armv6k/fpu\libg.a(lib_a-strrchr.o)
                0x0000000000123238                strrchr
 *(.glue_7)
 .glue_7        0x0000000000123280        0x0 linker stubs
 *(.glue_7t)
 .glue_7t       0x0000000000123280        0x0 linker stubs
 *(.stub)
 *(.gnu.warning)
 *(.gnu.linkonce.t*)
                0x0000000000123280                . = ALIGN (0x4)
 *(.fini)
 .fini          0x0000000000123280        0xc c:/devkitpro/devkitarm/bin/../lib/gcc/arm-none-eabi/12.1.0/armv6k/fpu/crti.o
                0x0000000000123280                _fini
 .fini          0x000000000012328c        0xc c:/devkitpro/devkitarm/bin/../lib/gcc/arm-none-eabi/12.1.0/armv6k/fpu/crtn.o
                0x0000000000123298                . = ALIGN (0x4)

.vfp11_veneer   0x0000000000123298        0x0
 .vfp11_veneer  0x0000000000123298        0x0 linker stubs

.v4_bx          0x0000000000123298        0x0
 .v4_bx         0x0000000000123298        0x0 linker stubs

.iplt           0x0000000000123298        0x0
 .iplt          0x0000000000123298        0x0 c:/devkitpro/devkitarm/bin/../lib/gcc/arm-none-eabi/12.1.0/../../../../arm-none-eabi/lib/armv6k/fpu/3dsx_crt0.o
                0x0000000000124000                . = ALIGN (0x1000)

.rodata         0x0000000000124000     0x8048
 *(.rodata)
 .rodata        0x0000000000124000        0x3 C:/devkitPro/libctru/lib\libctru.a(apt.o)
 *fill*         0x0000000000124003        0x1 
 .rodata        0x0000000000124004        0xc C:/devkitPro/libctru/lib\libctru.a(archive_dev.o)
 *(.roda)
 *(.rodata.*)
 .rodata.str1.4
                0x0000000000124010      0x3a7 main.o
 *fill*         0x00000000001243b7        0x1 
 .rodata.parseColor.str1.4
                0x00000000001243b8       0x1b C:/devkitPro/libctru/lib\libctru.a(console.o)
 *fill*         0x00000000001243d3        0x1 
 .rodata.con_write.str1.4
                0x00000000001243d4       0x4a C:/devkitPro/libctru/lib\libctru.a(console.o)
 *fill*         0x000000000012441e        0x2 
 .rodata.str1.4
                0x0000000000124420       0x10 C:/devkitPro/libctru/lib\libctru.a(console.o)
 .rodata.dotab_stdout
                0x0000000000124430       0x70 C:/devkitPro/libctru/lib\libctru.a(console.o)
 .rodata.grayScale
                0x00000000001244a0       0x18 C:/devkitPro/libctru/lib\libctru.a(console.o)
 .rodata.colorCube
                0x00000000001244b8        0x6 C:/devkitPro/libctru/lib\libctru.a(console.o)
 *fill*         0x00000000001244be        0x2 
 .rodata.colorTable
                0x00000000001244c0       0x30 C:/devkitPro/libctru/lib\libctru.a(console.o)
 .rodata.gspInit.str1.4
                0x00000000001244f0        0x9 C:/devkitPro/libctru/lib\libctru.a(gspgpu.o)
 *fill*         0x00000000001244f9        0x3 
 .rodata.aptSendCommand.str1.4
                0x00000000001244fc       0x16 C:/devkitPro/libctru/lib\libctru.a(apt.o)
 *fill*         0x0000000000124512        0x2 
 .rodata.morton_y.2
                0x0000000000124514        0x8 C:/devkitPro/libctru/lib\libctru.a(apt.o)
 .rodata.morton_x.3
                0x000000000012451c        0x8 C:/devkitPro/libctru/lib\libctru.a(apt.o)
 .rodata.s_sleepWakeEvents.4
                0x0000000000124524        0x8 C:/devkitPro/libctru/lib\libctru.a(apt.o)
 .rodata.hidInit.str1.4
                0x000000000012452c       0x15 C:/devkitPro/libctru/lib\libctru.a(hid.o)
 *fill*         0x0000000000124541        0x3 
 .rodata.ptmSysmInit.str1.4
                0x0000000000124544        0x9 C:/devkitPro/libctru/lib\libctru.a(ptmsysm.o)
 *fill*         0x000000000012454d        0x3 
 .rodata.__system_initArgv.str1.4
                0x0000000000124550        0xa C:/devkitPro/libctru/lib\libctru.a(initArgv.o)
 *fill*         0x000000000012455a        0x2 
 .rodata.default_font_bin
                0x000000000012455c      0x800 C:/devkitPro/libctru/lib\libctru.a(default_font.bin.o)
                0x000000000012455c                default_font_bin
                0x0000000000124d5c                default_font_bin_end
 .rodata.srvInit.str1.4
                0x0000000000124d5c        0x5 C:/devkitPro/libctru/lib\libctru.a(srv.o)
 *fill*         0x0000000000124d61        0x3 
 .rodata.irrstInit.str1.4
                0x0000000000124d64        0x7 C:/devkitPro/libctru/lib\libctru.a(irrst.o)
 *fill*         0x0000000000124d6b        0x1 
 .rodata._archiveUnmountDeviceStruct.part.0.str1.4
                0x0000000000124d6c        0x2 C:/devkitPro/libctru/lib\libctru.a(archive_dev.o)
 *fill*         0x0000000000124d6e        0x2 
 .rodata._archiveMountDevice.str1.4
                0x0000000000124d70        0x8 C:/devkitPro/libctru/lib\libctru.a(archive_dev.o)
                                          0xc (size before relaxing)
 .rodata.archiveMountSdmc.str1.4
                0x0000000000124d78        0x5 C:/devkitPro/libctru/lib\libctru.a(archive_dev.o)
 *fill*         0x0000000000124d7d        0x3 
 .rodata.error_table
                0x0000000000124d80       0x30 C:/devkitPro/libctru/lib\libctru.a(archive_dev.o)
 .rodata.str1.4
                0x0000000000124db0        0x8 C:/devkitPro/libctru/lib\libctru.a(archive_dev.o)
 .rodata.archive_devoptab
                0x0000000000124db8       0x70 C:/devkitPro/libctru/lib\libctru.a(archive_dev.o)
 .rodata.fsInit.str1.4
                0x0000000000124e28        0x8 C:/devkitPro/libctru/lib\libctru.a(fs.o)
 .rodata._global_impure_ptr
                0x0000000000124e30        0x4 c:/devkitpro/devkitarm/bin/../lib/gcc/arm-none-eabi/12.1.0/../../../../arm-none-eabi/lib/armv6k/fpu\libg.a(lib_a-impure.o)
                0x0000000000124e30                _global_impure_ptr
 .rodata.__ssvfscanf_r.str1.1
                0x0000000000124e34        0x5 c:/devkitpro/devkitarm/bin/../lib/gcc/arm-none-eabi/12.1.0/../../../../arm-none-eabi/lib/armv6k/fpu\libg.a(lib_a-svfscanf.o)
                                          0x6 (size before relaxing)
 *fill*         0x0000000000124e39        0x3 
 .rodata.basefix.0
                0x0000000000124e3c       0x22 c:/devkitpro/devkitarm/bin/../lib/gcc/arm-none-eabi/12.1.0/../../../../arm-none-eabi/lib/armv6k/fpu\libg.a(lib_a-svfscanf.o)
 .rodata._vfprintf_r.str1.1
                0x0000000000124e5e       0x3b c:/devkitpro/devkitarm/bin/../lib/gcc/arm-none-eabi/12.1.0/../../../../arm-none-eabi/lib/armv6k/fpu\libg.a(lib_a-vfprintf.o)
 *fill*         0x0000000000124e99        0x3 
 .rodata.zeroes.0
                0x0000000000124e9c       0x10 c:/devkitpro/devkitarm/bin/../lib/gcc/arm-none-eabi/12.1.0/../../../../arm-none-eabi/lib/armv6k/fpu\libg.a(lib_a-vfprintf.o)
 .rodata.blanks.1
                0x0000000000124eac       0x10 c:/devkitpro/devkitarm/bin/../lib/gcc/arm-none-eabi/12.1.0/../../../../arm-none-eabi/lib/armv6k/fpu\libg.a(lib_a-vfprintf.o)
 .rodata._ctype_
                0x0000000000124ebc      0x101 c:/devkitpro/devkitarm/bin/../lib/gcc/arm-none-eabi/12.1.0/../../../../arm-none-eabi/lib/armv6k/fpu\libg.a(lib_a-ctype_.o)
                0x0000000000124ebc                _ctype_
 *fill*         0x0000000000124fbd        0x3 
 .rodata._dtoa_r.str1.4
                0x0000000000124fc0       0x70 c:/devkitpro/devkitarm/bin/../lib/gcc/arm-none-eabi/12.1.0/../../../../arm-none-eabi/lib/armv6k/fpu\libg.a(lib_a-dtoa.o)
 .rodata.str1.4
                0x0000000000125030       0x44 c:/devkitpro/devkitarm/bin/../lib/gcc/arm-none-eabi/12.1.0/../../../../arm-none-eabi/lib/armv6k/fpu\libg.a(lib_a-locale.o)
                                         0x4c (size before relaxing)
 .rodata._mbrtowc_r.str1.4
                0x0000000000125074        0x1 c:/devkitpro/devkitarm/bin/../lib/gcc/arm-none-eabi/12.1.0/../../../../arm-none-eabi/lib/armv6k/fpu\libg.a(lib_a-mbrtowc.o)
 .rodata.__multadd.str1.4
                0x0000000000125074       0x49 c:/devkitpro/devkitarm/bin/../lib/gcc/arm-none-eabi/12.1.0/../../../../arm-none-eabi/lib/armv6k/fpu\libg.a(lib_a-mprec.o)
                                         0x5d (size before relaxing)
 *fill*         0x00000000001250bd        0x3 
 .rodata.p05.0  0x00000000001250c0        0xc c:/devkitpro/devkitarm/bin/../lib/gcc/arm-none-eabi/12.1.0/../../../../arm-none-eabi/lib/armv6k/fpu\libg.a(lib_a-mprec.o)
 *fill*         0x00000000001250cc        0x4 
 .rodata.__mprec_bigtens
                0x00000000001250d0       0x28 c:/devkitpro/devkitarm/bin/../lib/gcc/arm-none-eabi/12.1.0/../../../../arm-none-eabi/lib/armv6k/fpu\libg.a(lib_a-mprec.o)
                0x00000000001250d0                __mprec_bigtens
 .rodata.__mprec_tens
                0x00000000001250f8       0xc8 c:/devkitpro/devkitarm/bin/../lib/gcc/arm-none-eabi/12.1.0/../../../../arm-none-eabi/lib/armv6k/fpu\libg.a(lib_a-mprec.o)
                0x00000000001250f8                __mprec_tens
 .rodata._strtod_l.str1.4
                0x00000000001251c0        0xf c:/devkitpro/devkitarm/bin/../lib/gcc/arm-none-eabi/12.1.0/../../../../arm-none-eabi/lib/armv6k/fpu\libg.a(lib_a-strtod.o)
                                         0x15 (size before relaxing)
 *fill*         0x00000000001251cf        0x1 
 .rodata.fpinan.0
                0x00000000001251d0       0x14 c:/devkitpro/devkitarm/bin/../lib/gcc/arm-none-eabi/12.1.0/../../../../arm-none-eabi/lib/armv6k/fpu\libg.a(lib_a-strtod.o)
 .rodata.fpi.1  0x00000000001251e4       0x14 c:/devkitpro/devkitarm/bin/../lib/gcc/arm-none-eabi/12.1.0/../../../../arm-none-eabi/lib/armv6k/fpu\libg.a(lib_a-strtod.o)
 .rodata.tinytens
                0x00000000001251f8       0x28 c:/devkitpro/devkitarm/bin/../lib/gcc/arm-none-eabi/12.1.0/../../../../arm-none-eabi/lib/armv6k/fpu\libg.a(lib_a-strtod.o)
 .rodata.__action_table